Component: Arm Compiler for Embedded 6.21 Tool: armlink [5ec1fa00]

==============================================================================

Section Cross References

    startup.o(STACK) refers (Special) to heapauxi.o(.text) for __use_two_region_memory
    startup.o(HEAP) refers (Special) to heapauxi.o(.text) for __use_two_region_memory
    startup.o(RESET) refers (Special) to heapauxi.o(.text) for __use_two_region_memory
    startup.o(RESET) refers to startup.o(STACK) for StackMem
    startup.o(RESET) refers to __main.o(!!!main) for __main
    startup.o(.text) refers (Special) to heapauxi.o(.text) for __use_two_region_memory
    startup.o(.text) refers to startup.o(HEAP) for HeapMem
    startup.o(.text) refers to startup.o(STACK) for StackMem
    main.o(.text.main) refers to utils.o(.text) for PLL_Init
    main.o(.text.main) refers to gpio.o(.text.UART_Init) for UART_Init
    main.o(.text.main) refers to gpio.o(.text.GPIO_Init) for GPIO_Init
    main.o(.text.main) refers to uart.o(.text.receive_data) for receive_data
    main.o(.text.main) refers to leds.o(.text.change_led_state) for change_led_state
    main.o(.ARM.exidx.text.main) refers to main.o(.text.main) for [Anonymous Symbol]
    gpio.o(.ARM.exidx.text.UART_Init) refers to gpio.o(.text.UART_Init) for [Anonymous Symbol]
    gpio.o(.ARM.exidx.text.GPIO_Init) refers to gpio.o(.text.GPIO_Init) for [Anonymous Symbol]
    uart.o(.ARM.exidx.text.receive_data) refers to uart.o(.text.receive_data) for [Anonymous Symbol]
    uart.o(.ARM.exidx.text.transmit_data) refers to uart.o(.text.transmit_data) for [Anonymous Symbol]
    leds.o(.text.change_led_state) refers to uart.o(.text.transmit_data) for transmit_data
    leds.o(.text.change_led_state) refers to leds.o(.rodata.str1.1) for .L.str.1
    leds.o(.ARM.exidx.text.change_led_state) refers to leds.o(.text.change_led_state) for [Anonymous Symbol]
    __main.o(!!!main) refers to __rtentry.o(.ARM.Collect$$rtentry$$00000000) for __rt_entry
    __rtentry.o(.ARM.Collect$$rtentry$$00000000) refers (Special) to __rtentry2.o(.ARM.Collect$$rtentry$$0000000A) for __rt_entry_li
    __rtentry.o(.ARM.Collect$$rtentry$$00000000) refers (Special) to __rtentry2.o(.ARM.Collect$$rtentry$$0000000D) for __rt_entry_main
    __rtentry.o(.ARM.Collect$$rtentry$$00000000) refers (Special) to __rtentry2.o(.ARM.Collect$$rtentry$$0000000C) for __rt_entry_postli_1
    __rtentry.o(.ARM.Collect$$rtentry$$00000000) refers (Special) to __rtentry2.o(.ARM.Collect$$rtentry$$00000009) for __rt_entry_postsh_1
    __rtentry.o(.ARM.Collect$$rtentry$$00000000) refers (Special) to __rtentry2.o(.ARM.Collect$$rtentry$$00000002) for __rt_entry_presh_1
    __rtentry.o(.ARM.Collect$$rtentry$$00000000) refers (Special) to __rtentry4.o(.ARM.Collect$$rtentry$$00000004) for __rt_entry_sh
    __rtentry2.o(.ARM.Collect$$rtentry$$00000008) refers to boardinit2.o(.text) for _platform_post_stackheap_init
    __rtentry2.o(.ARM.Collect$$rtentry$$0000000A) refers to libinit.o(.ARM.Collect$$libinit$$00000000) for __rt_lib_init
    __rtentry2.o(.ARM.Collect$$rtentry$$0000000B) refers to boardinit3.o(.text) for _platform_post_lib_init
    __rtentry2.o(.ARM.Collect$$rtentry$$0000000D) refers to main.o(.text.main) for main
    __rtentry2.o(.ARM.Collect$$rtentry$$0000000D) refers to exit.o(.text) for exit
    __rtentry2.o(.ARM.exidx) refers to __rtentry2.o(.ARM.Collect$$rtentry$$00000001) for .ARM.Collect$$rtentry$$00000001
    __rtentry2.o(.ARM.exidx) refers to __rtentry2.o(.ARM.Collect$$rtentry$$00000008) for .ARM.Collect$$rtentry$$00000008
    __rtentry2.o(.ARM.exidx) refers to __rtentry2.o(.ARM.Collect$$rtentry$$0000000A) for .ARM.Collect$$rtentry$$0000000A
    __rtentry2.o(.ARM.exidx) refers to __rtentry2.o(.ARM.Collect$$rtentry$$0000000B) for .ARM.Collect$$rtentry$$0000000B
    __rtentry2.o(.ARM.exidx) refers to __rtentry2.o(.ARM.Collect$$rtentry$$0000000D) for .ARM.Collect$$rtentry$$0000000D
    __rtentry4.o(.ARM.Collect$$rtentry$$00000004) refers to sys_stackheap_outer.o(.text) for __user_setup_stackheap
    __rtentry4.o(.ARM.exidx) refers to __rtentry4.o(.ARM.Collect$$rtentry$$00000004) for .ARM.Collect$$rtentry$$00000004
    sys_stackheap_outer.o(.text) refers to libspace.o(.text) for __user_perproc_libspace
    sys_stackheap_outer.o(.text) refers to startup.o(.text) for __user_initial_stackheap
    exit.o(.text) refers to rtexit.o(.ARM.Collect$$rtexit$$00000000) for __rt_exit
    libinit.o(.ARM.Collect$$libinit$$00000000) refers (Special) to libinit2.o(.ARM.Collect$$libinit$$00000030) for __rt_lib_init_alloca_1
    libinit.o(.ARM.Collect$$libinit$$00000000) refers (Special) to libinit2.o(.ARM.Collect$$libinit$$0000002E) for __rt_lib_init_argv_1
    libinit.o(.ARM.Collect$$libinit$$00000000) refers (Special) to libinit2.o(.ARM.Collect$$libinit$$0000001D) for __rt_lib_init_atexit_1
    libinit.o(.ARM.Collect$$libinit$$00000000) refers (Special) to libinit2.o(.ARM.Collect$$libinit$$00000023) for __rt_lib_init_clock_1
    libinit.o(.ARM.Collect$$libinit$$00000000) refers (Special) to libinit2.o(.ARM.Collect$$libinit$$00000034) for __rt_lib_init_cpp_1
    libinit.o(.ARM.Collect$$libinit$$00000000) refers (Special) to libinit2.o(.ARM.Collect$$libinit$$00000032) for __rt_lib_init_exceptions_1
    libinit.o(.ARM.Collect$$libinit$$00000000) refers (Special) to libinit2.o(.ARM.Collect$$libinit$$00000001) for __rt_lib_init_fp_1
    libinit.o(.ARM.Collect$$libinit$$00000000) refers (Special) to libinit2.o(.ARM.Collect$$libinit$$00000021) for __rt_lib_init_fp_trap_1
    libinit.o(.ARM.Collect$$libinit$$00000000) refers (Special) to libinit2.o(.ARM.Collect$$libinit$$00000025) for __rt_lib_init_getenv_1
    libinit.o(.ARM.Collect$$libinit$$00000000) refers (Special) to libinit2.o(.ARM.Collect$$libinit$$0000000C) for __rt_lib_init_heap_1
    libinit.o(.ARM.Collect$$libinit$$00000000) refers (Special) to libinit2.o(.ARM.Collect$$libinit$$00000013) for __rt_lib_init_lc_collate_1
    libinit.o(.ARM.Collect$$libinit$$00000000) refers (Special) to libinit2.o(.ARM.Collect$$libinit$$00000015) for __rt_lib_init_lc_ctype_1
    libinit.o(.ARM.Collect$$libinit$$00000000) refers (Special) to libinit2.o(.ARM.Collect$$libinit$$00000017) for __rt_lib_init_lc_monetary_1
    libinit.o(.ARM.Collect$$libinit$$00000000) refers (Special) to libinit2.o(.ARM.Collect$$libinit$$00000019) for __rt_lib_init_lc_numeric_1
    libinit.o(.ARM.Collect$$libinit$$00000000) refers (Special) to libinit2.o(.ARM.Collect$$libinit$$0000001B) for __rt_lib_init_lc_time_1
    libinit.o(.ARM.Collect$$libinit$$00000000) refers (Special) to libinit2.o(.ARM.Collect$$libinit$$00000006) for __rt_lib_init_preinit_1
    libinit.o(.ARM.Collect$$libinit$$00000000) refers (Special) to libinit2.o(.ARM.Collect$$libinit$$00000010) for __rt_lib_init_rand_1
    libinit.o(.ARM.Collect$$libinit$$00000000) refers (Special) to libinit2.o(.ARM.Collect$$libinit$$00000004) for __rt_lib_init_relocate_pie_1
    libinit.o(.ARM.Collect$$libinit$$00000000) refers (Special) to libinit2.o(.ARM.Collect$$libinit$$00000035) for __rt_lib_init_return
    libinit.o(.ARM.Collect$$libinit$$00000000) refers (Special) to libinit2.o(.ARM.Collect$$libinit$$0000001F) for __rt_lib_init_signal_1
    libinit.o(.ARM.Collect$$libinit$$00000000) refers (Special) to libinit2.o(.ARM.Collect$$libinit$$00000027) for __rt_lib_init_stdio_1
    libinit.o(.ARM.Collect$$libinit$$00000000) refers (Special) to libinit2.o(.ARM.Collect$$libinit$$0000000E) for __rt_lib_init_user_alloc_1
    libspace.o(.text) refers to libspace.o(.bss) for __libspace_start
    rtexit.o(.ARM.Collect$$rtexit$$00000000) refers (Special) to rtexit2.o(.ARM.Collect$$rtexit$$00000004) for __rt_exit_exit
    rtexit.o(.ARM.Collect$$rtexit$$00000000) refers (Special) to rtexit2.o(.ARM.Collect$$rtexit$$00000003) for __rt_exit_ls
    rtexit.o(.ARM.Collect$$rtexit$$00000000) refers (Special) to rtexit2.o(.ARM.Collect$$rtexit$$00000002) for __rt_exit_prels_1
    rtexit.o(.ARM.exidx) refers (Special) to rtexit2.o(.ARM.Collect$$rtexit$$00000004) for __rt_exit_exit
    rtexit.o(.ARM.exidx) refers (Special) to rtexit2.o(.ARM.Collect$$rtexit$$00000003) for __rt_exit_ls
    rtexit.o(.ARM.exidx) refers (Special) to rtexit2.o(.ARM.Collect$$rtexit$$00000002) for __rt_exit_prels_1
    rtexit.o(.ARM.exidx) refers to rtexit.o(.ARM.Collect$$rtexit$$00000000) for .ARM.Collect$$rtexit$$00000000
    libinit2.o(.ARM.Collect$$libinit$$00000001) refers to fpinit.o(x$fpl$fpinit) for _fp_init
    libinit2.o(.ARM.Collect$$libinit$$00000012) refers to libinit2.o(.ARM.Collect$$libinit$$00000011) for .ARM.Collect$$libinit$$00000011
    libinit2.o(.ARM.Collect$$libinit$$00000014) refers to libinit2.o(.ARM.Collect$$libinit$$00000011) for .ARM.Collect$$libinit$$00000011
    libinit2.o(.ARM.Collect$$libinit$$00000016) refers to libinit2.o(.ARM.Collect$$libinit$$00000011) for .ARM.Collect$$libinit$$00000011
    libinit2.o(.ARM.Collect$$libinit$$00000018) refers to libinit2.o(.ARM.Collect$$libinit$$00000011) for .ARM.Collect$$libinit$$00000011
    libinit2.o(.ARM.Collect$$libinit$$0000001A) refers to libinit2.o(.ARM.Collect$$libinit$$00000011) for .ARM.Collect$$libinit$$00000011
    libinit2.o(.ARM.Collect$$libinit$$00000028) refers to argv_veneer.o(.emb_text) for __ARM_argv_veneer
    libinit2.o(.ARM.Collect$$libinit$$00000029) refers to argv_veneer.o(.emb_text) for __ARM_argv_veneer
    rtexit2.o(.ARM.Collect$$rtexit$$00000003) refers to libshutdown.o(.ARM.Collect$$libshutdown$$00000000) for __rt_lib_shutdown
    rtexit2.o(.ARM.Collect$$rtexit$$00000004) refers to sys_exit.o(.text) for _sys_exit
    rtexit2.o(.ARM.exidx) refers to rtexit2.o(.ARM.Collect$$rtexit$$00000001) for .ARM.Collect$$rtexit$$00000001
    rtexit2.o(.ARM.exidx) refers to rtexit2.o(.ARM.Collect$$rtexit$$00000003) for .ARM.Collect$$rtexit$$00000003
    rtexit2.o(.ARM.exidx) refers to rtexit2.o(.ARM.Collect$$rtexit$$00000004) for .ARM.Collect$$rtexit$$00000004
    argv_veneer.o(.emb_text) refers to no_argv.o(.text) for __ARM_get_argv
    sys_exit.o(.text) refers (Special) to use_no_semi.o(.text) for __I$use$semihosting
    sys_exit.o(.text) refers (Special) to indicate_semi.o(.text) for __semihosting_library_function
    sys_exit_hlt.o(.text) refers (Special) to use_no_semi.o(.text) for __I$use$semihosting
    sys_exit_hlt.o(.text) refers (Special) to indicate_semi.o(.text) for __semihosting_library_function
    _get_argv_nomalloc.o(.text) refers (Special) to hrguard.o(.text) for __heap_region$guard
    _get_argv_nomalloc.o(.text) refers to defsig_rtmem_outer.o(.text) for __rt_SIGRTMEM
    _get_argv_nomalloc.o(.text) refers to sys_command.o(.text) for _sys_command_string
    libshutdown.o(.ARM.Collect$$libshutdown$$00000000) refers (Special) to libshutdown2.o(.ARM.Collect$$libshutdown$$00000002) for __rt_lib_shutdown_cpp_1
    libshutdown.o(.ARM.Collect$$libshutdown$$00000000) refers (Special) to libshutdown2.o(.ARM.Collect$$libshutdown$$00000007) for __rt_lib_shutdown_fp_trap_1
    libshutdown.o(.ARM.Collect$$libshutdown$$00000000) refers (Special) to libshutdown2.o(.ARM.Collect$$libshutdown$$0000000F) for __rt_lib_shutdown_heap_1
    libshutdown.o(.ARM.Collect$$libshutdown$$00000000) refers (Special) to libshutdown2.o(.ARM.Collect$$libshutdown$$00000010) for __rt_lib_shutdown_return
    libshutdown.o(.ARM.Collect$$libshutdown$$00000000) refers (Special) to libshutdown2.o(.ARM.Collect$$libshutdown$$0000000A) for __rt_lib_shutdown_signal_1
    libshutdown.o(.ARM.Collect$$libshutdown$$00000000) refers (Special) to libshutdown2.o(.ARM.Collect$$libshutdown$$00000004) for __rt_lib_shutdown_stdio_1
    libshutdown.o(.ARM.Collect$$libshutdown$$00000000) refers (Special) to libshutdown2.o(.ARM.Collect$$libshutdown$$0000000C) for __rt_lib_shutdown_user_alloc_1
    sys_command.o(.text) refers (Special) to use_no_semi.o(.text) for __I$use$semihosting
    sys_command.o(.text) refers (Special) to indicate_semi.o(.text) for __semihosting_library_function
    sys_command_hlt.o(.text) refers (Special) to use_no_semi.o(.text) for __I$use$semihosting
    sys_command_hlt.o(.text) refers (Special) to indicate_semi.o(.text) for __semihosting_library_function
    defsig_rtmem_outer.o(.text) refers to defsig_rtmem_inner.o(.text) for __rt_SIGRTMEM_inner
    defsig_rtmem_outer.o(.text) refers to defsig_exit.o(.text) for __sig_exit
    defsig_rtmem_formal.o(.text) refers to rt_raise.o(.text) for __rt_raise
    rt_raise.o(.text) refers to __raise.o(.text) for __raise
    rt_raise.o(.text) refers to sys_exit.o(.text) for _sys_exit
    defsig_exit.o(.text) refers to sys_exit.o(.text) for _sys_exit
    defsig_rtmem_inner.o(.text) refers to defsig_general.o(.text) for __default_signal_display
    __raise.o(.text) refers to defsig.o(CL$$defsig) for __default_signal_handler
    defsig_general.o(.text) refers to sys_wrch.o(.text) for _ttywrch
    sys_wrch.o(.text) refers (Special) to use_no_semi.o(.text) for __I$use$semihosting
    sys_wrch.o(.text) refers (Special) to indicate_semi.o(.text) for __semihosting_library_function
    sys_wrch_hlt.o(.text) refers (Special) to use_no_semi.o(.text) for __I$use$semihosting
    sys_wrch_hlt.o(.text) refers (Special) to indicate_semi.o(.text) for __semihosting_library_function
    defsig.o(CL$$defsig) refers to defsig_rtmem_inner.o(.text) for __rt_SIGRTMEM_inner
    defsig_abrt_inner.o(.text) refers to defsig_general.o(.text) for __default_signal_display
    defsig_fpe_inner.o(.text) refers to defsig_general.o(.text) for __default_signal_display
    defsig_rtred_inner.o(.text) refers to defsig_general.o(.text) for __default_signal_display
    defsig_stak_inner.o(.text) refers to defsig_general.o(.text) for __default_signal_display
    defsig_pvfn_inner.o(.text) refers to defsig_general.o(.text) for __default_signal_display
    defsig_cppl_inner.o(.text) refers to defsig_general.o(.text) for __default_signal_display
    defsig_segv_inner.o(.text) refers to defsig_general.o(.text) for __default_signal_display
    defsig_other.o(.text) refers to defsig_general.o(.text) for __default_signal_display


==============================================================================

Removing Unused input sections from the image.

    Removing main.o(.text), (0 bytes).
    Removing main.o(.ARM.exidx.text.main), (8 bytes).
    Removing main.o(.ARM.use_no_argv), (4 bytes).
    Removing gpio.o(.text), (0 bytes).
    Removing gpio.o(.ARM.exidx.text.UART_Init), (8 bytes).
    Removing gpio.o(.ARM.exidx.text.GPIO_Init), (8 bytes).
    Removing uart.o(.text), (0 bytes).
    Removing uart.o(.ARM.exidx.text.receive_data), (8 bytes).
    Removing uart.o(.ARM.exidx.text.transmit_data), (8 bytes).
    Removing leds.o(.text), (0 bytes).
    Removing leds.o(.ARM.exidx.text.change_led_state), (8 bytes).

11 unused section(s) (total 52 bytes) removed from the image.

==============================================================================

Image Symbol Table

    Local Symbols

    Symbol Name                              Value     Ov Type        Size  Object(Section)

    ../clib/angel/boardlib.s                 0x00000000   Number         0  boardinit1.o ABSOLUTE
    ../clib/angel/boardlib.s                 0x00000000   Number         0  boardinit2.o ABSOLUTE
    ../clib/angel/boardlib.s                 0x00000000   Number         0  boardinit3.o ABSOLUTE
    ../clib/angel/boardlib.s                 0x00000000   Number         0  boardshut.o ABSOLUTE
    ../clib/angel/handlers.s                 0x00000000   Number         0  __scatter_zi.o ABSOLUTE
    ../clib/angel/kernel.s                   0x00000000   Number         0  __rtentry.o ABSOLUTE
    ../clib/angel/kernel.s                   0x00000000   Number         0  __rtentry2.o ABSOLUTE
    ../clib/angel/kernel.s                   0x00000000   Number         0  __rtentry4.o ABSOLUTE
    ../clib/angel/kernel.s                   0x00000000   Number         0  rtexit.o ABSOLUTE
    ../clib/angel/kernel.s                   0x00000000   Number         0  rtexit2.o ABSOLUTE
    ../clib/angel/rt.s                       0x00000000   Number         0  rt_raise.o ABSOLUTE
    ../clib/angel/scatter.s                  0x00000000   Number         0  __scatter.o ABSOLUTE
    ../clib/angel/startup.s                  0x00000000   Number         0  __main.o ABSOLUTE
    ../clib/angel/sys.s                      0x00000000   Number         0  sys_stackheap_outer.o ABSOLUTE
    ../clib/angel/sys.s                      0x00000000   Number         0  libspace.o ABSOLUTE
    ../clib/angel/sys.s                      0x00000000   Number         0  use_no_semi.o ABSOLUTE
    ../clib/angel/sys.s                      0x00000000   Number         0  indicate_semi.o ABSOLUTE
    ../clib/angel/sysapp.c                   0x00000000   Number         0  sys_exit.o ABSOLUTE
    ../clib/angel/sysapp.c                   0x00000000   Number         0  sys_exit_hlt.o ABSOLUTE
    ../clib/angel/sysapp.c                   0x00000000   Number         0  sys_command.o ABSOLUTE
    ../clib/angel/sysapp.c                   0x00000000   Number         0  sys_command_hlt.o ABSOLUTE
    ../clib/angel/sysapp.c                   0x00000000   Number         0  sys_wrch.o ABSOLUTE
    ../clib/angel/sysapp.c                   0x00000000   Number         0  sys_wrch_hlt.o ABSOLUTE
    ../clib/armsys.c                         0x00000000   Number         0  argv_veneer.o ABSOLUTE
    ../clib/armsys.c                         0x00000000   Number         0  argv_veneer.o ABSOLUTE
    ../clib/armsys.c                         0x00000000   Number         0  _get_argv_nomalloc.o ABSOLUTE
    ../clib/armsys.c                         0x00000000   Number         0  no_argv.o ABSOLUTE
    ../clib/heapalloc.c                      0x00000000   Number         0  hrguard.o ABSOLUTE
    ../clib/heapaux.c                        0x00000000   Number         0  heapauxi.o ABSOLUTE
    ../clib/libinit.s                        0x00000000   Number         0  libinit.o ABSOLUTE
    ../clib/libinit.s                        0x00000000   Number         0  libinit2.o ABSOLUTE
    ../clib/libinit.s                        0x00000000   Number         0  libshutdown.o ABSOLUTE
    ../clib/libinit.s                        0x00000000   Number         0  libshutdown2.o ABSOLUTE
    ../clib/signal.c                         0x00000000   Number         0  defsig_rtmem_outer.o ABSOLUTE
    ../clib/signal.c                         0x00000000   Number         0  defsig_rtmem_formal.o ABSOLUTE
    ../clib/signal.c                         0x00000000   Number         0  defsig_exit.o ABSOLUTE
    ../clib/signal.c                         0x00000000   Number         0  defsig_rtmem_inner.o ABSOLUTE
    ../clib/signal.c                         0x00000000   Number         0  __raise.o ABSOLUTE
    ../clib/signal.c                         0x00000000   Number         0  defsig_general.o ABSOLUTE
    ../clib/signal.c                         0x00000000   Number         0  defsig_abrt_inner.o ABSOLUTE
    ../clib/signal.c                         0x00000000   Number         0  defsig_fpe_inner.o ABSOLUTE
    ../clib/signal.c                         0x00000000   Number         0  defsig_rtred_inner.o ABSOLUTE
    ../clib/signal.c                         0x00000000   Number         0  defsig_stak_inner.o ABSOLUTE
    ../clib/signal.c                         0x00000000   Number         0  defsig_pvfn_inner.o ABSOLUTE
    ../clib/signal.c                         0x00000000   Number         0  defsig_cppl_inner.o ABSOLUTE
    ../clib/signal.c                         0x00000000   Number         0  defsig_segv_inner.o ABSOLUTE
    ../clib/signal.c                         0x00000000   Number         0  defsig_other.o ABSOLUTE
    ../clib/signal.s                         0x00000000   Number         0  defsig.o ABSOLUTE
    ../clib/stdlib.c                         0x00000000   Number         0  exit.o ABSOLUTE
    ../fplib/fpinit.s                        0x00000000   Number         0  fpinit.o ABSOLUTE
    dc.s                                     0x00000000   Number         0  dc.o ABSOLUTE
    gpio.c                                   0x00000000   Number         0  gpio.o ABSOLUTE
    leds.c                                   0x00000000   Number         0  leds.o ABSOLUTE
    main.c                                   0x00000000   Number         0  main.o ABSOLUTE
    startup.s                                0x00000000   Number         0  startup.o ABSOLUTE
    uart.c                                   0x00000000   Number         0  uart.o ABSOLUTE
    utils.s                                  0x00000000   Number         0  utils.o ABSOLUTE
    RESET                                    0x00000000   Section      560  startup.o(RESET)
    $v0                                      0x00000208   Number         0  startup.o(RESET)
    !!!main                                  0x00000230   Section        8  __main.o(!!!main)
    !!!scatter                               0x00000238   Section       92  __scatter.o(!!!scatter)
    !!handler_null                           0x00000294   Section        2  __scatter.o(!!handler_null)
    !!handler_zi                             0x00000298   Section       28  __scatter_zi.o(!!handler_zi)
    .ARM.Collect$$libinit$$00000000          0x000002b4   Section        2  libinit.o(.ARM.Collect$$libinit$$00000000)
    .ARM.Collect$$libinit$$00000001          0x000002b6   Section        4  libinit2.o(.ARM.Collect$$libinit$$00000001)
    .ARM.Collect$$libinit$$00000004          0x000002ba   Section        0  libinit2.o(.ARM.Collect$$libinit$$00000004)
    .ARM.Collect$$libinit$$00000006          0x000002ba   Section        0  libinit2.o(.ARM.Collect$$libinit$$00000006)
    .ARM.Collect$$libinit$$0000000C          0x000002ba   Section        0  libinit2.o(.ARM.Collect$$libinit$$0000000C)
    .ARM.Collect$$libinit$$0000000E          0x000002ba   Section        0  libinit2.o(.ARM.Collect$$libinit$$0000000E)
    .ARM.Collect$$libinit$$00000010          0x000002ba   Section        0  libinit2.o(.ARM.Collect$$libinit$$00000010)
    .ARM.Collect$$libinit$$00000013          0x000002ba   Section        0  libinit2.o(.ARM.Collect$$libinit$$00000013)
    .ARM.Collect$$libinit$$00000015          0x000002ba   Section        0  libinit2.o(.ARM.Collect$$libinit$$00000015)
    .ARM.Collect$$libinit$$00000017          0x000002ba   Section        0  libinit2.o(.ARM.Collect$$libinit$$00000017)
    .ARM.Collect$$libinit$$00000019          0x000002ba   Section        0  libinit2.o(.ARM.Collect$$libinit$$00000019)
    .ARM.Collect$$libinit$$0000001B          0x000002ba   Section        0  libinit2.o(.ARM.Collect$$libinit$$0000001B)
    .ARM.Collect$$libinit$$0000001D          0x000002ba   Section        0  libinit2.o(.ARM.Collect$$libinit$$0000001D)
    .ARM.Collect$$libinit$$0000001F          0x000002ba   Section        0  libinit2.o(.ARM.Collect$$libinit$$0000001F)
    .ARM.Collect$$libinit$$00000021          0x000002ba   Section        0  libinit2.o(.ARM.Collect$$libinit$$00000021)
    .ARM.Collect$$libinit$$00000023          0x000002ba   Section        0  libinit2.o(.ARM.Collect$$libinit$$00000023)
    .ARM.Collect$$libinit$$00000025          0x000002ba   Section        0  libinit2.o(.ARM.Collect$$libinit$$00000025)
    .ARM.Collect$$libinit$$00000027          0x000002ba   Section        0  libinit2.o(.ARM.Collect$$libinit$$00000027)
    .ARM.Collect$$libinit$$0000002E          0x000002ba   Section        0  libinit2.o(.ARM.Collect$$libinit$$0000002E)
    .ARM.Collect$$libinit$$00000030          0x000002ba   Section        0  libinit2.o(.ARM.Collect$$libinit$$00000030)
    .ARM.Collect$$libinit$$00000032          0x000002ba   Section        0  libinit2.o(.ARM.Collect$$libinit$$00000032)
    .ARM.Collect$$libinit$$00000034          0x000002ba   Section        0  libinit2.o(.ARM.Collect$$libinit$$00000034)
    .ARM.Collect$$libinit$$00000035          0x000002ba   Section        2  libinit2.o(.ARM.Collect$$libinit$$00000035)
    .ARM.Collect$$libshutdown$$00000000      0x000002bc   Section        2  libshutdown.o(.ARM.Collect$$libshutdown$$00000000)
    .ARM.Collect$$libshutdown$$00000002      0x000002be   Section        0  libshutdown2.o(.ARM.Collect$$libshutdown$$00000002)
    .ARM.Collect$$libshutdown$$00000004      0x000002be   Section        0  libshutdown2.o(.ARM.Collect$$libshutdown$$00000004)
    .ARM.Collect$$libshutdown$$00000007      0x000002be   Section        0  libshutdown2.o(.ARM.Collect$$libshutdown$$00000007)
    .ARM.Collect$$libshutdown$$0000000A      0x000002be   Section        0  libshutdown2.o(.ARM.Collect$$libshutdown$$0000000A)
    .ARM.Collect$$libshutdown$$0000000C      0x000002be   Section        0  libshutdown2.o(.ARM.Collect$$libshutdown$$0000000C)
    .ARM.Collect$$libshutdown$$0000000F      0x000002be   Section        0  libshutdown2.o(.ARM.Collect$$libshutdown$$0000000F)
    .ARM.Collect$$libshutdown$$00000010      0x000002be   Section        2  libshutdown2.o(.ARM.Collect$$libshutdown$$00000010)
    .ARM.Collect$$rtentry$$00000000          0x000002c0   Section        0  __rtentry.o(.ARM.Collect$$rtentry$$00000000)
    .ARM.Collect$$rtentry$$00000002          0x000002c0   Section        0  __rtentry2.o(.ARM.Collect$$rtentry$$00000002)
    .ARM.Collect$$rtentry$$00000004          0x000002c0   Section        6  __rtentry4.o(.ARM.Collect$$rtentry$$00000004)
    .ARM.Collect$$rtentry$$00000009          0x000002c6   Section        0  __rtentry2.o(.ARM.Collect$$rtentry$$00000009)
    .ARM.Collect$$rtentry$$0000000A          0x000002c6   Section        4  __rtentry2.o(.ARM.Collect$$rtentry$$0000000A)
    .ARM.Collect$$rtentry$$0000000C          0x000002ca   Section        0  __rtentry2.o(.ARM.Collect$$rtentry$$0000000C)
    .ARM.Collect$$rtentry$$0000000D          0x000002ca   Section        8  __rtentry2.o(.ARM.Collect$$rtentry$$0000000D)
    .ARM.Collect$$rtexit$$00000000           0x000002d2   Section        2  rtexit.o(.ARM.Collect$$rtexit$$00000000)
    .ARM.Collect$$rtexit$$00000002           0x000002d4   Section        0  rtexit2.o(.ARM.Collect$$rtexit$$00000002)
    .ARM.Collect$$rtexit$$00000003           0x000002d4   Section        4  rtexit2.o(.ARM.Collect$$rtexit$$00000003)
    .ARM.Collect$$rtexit$$00000004           0x000002d8   Section        6  rtexit2.o(.ARM.Collect$$rtexit$$00000004)
    $v0                                      0x000002e0   Number         0  startup.o(.text)
    .text                                    0x000002e0   Section       48  startup.o(.text)
    $v0                                      0x00000310   Number         0  utils.o(.text)
    .text                                    0x00000310   Section      484  utils.o(.text)
    .text                                    0x000004f4   Section        0  heapauxi.o(.text)
    .text                                    0x000004fa   Section       74  sys_stackheap_outer.o(.text)
    .text                                    0x00000544   Section        0  exit.o(.text)
    .text                                    0x00000558   Section        8  libspace.o(.text)
    .text                                    0x00000560   Section        0  sys_exit.o(.text)
    .text                                    0x0000056c   Section        2  use_no_semi.o(.text)
    .text                                    0x0000056e   Section        0  indicate_semi.o(.text)
    [Anonymous Symbol]                       0x00000570   Section        0  gpio.o(.text.GPIO_Init)
    [Anonymous Symbol]                       0x000005e4   Section        0  gpio.o(.text.UART_Init)
    [Anonymous Symbol]                       0x00000634   Section        0  leds.o(.text.change_led_state)
    [Anonymous Symbol]                       0x0000079c   Section        0  main.o(.text.main)
    [Anonymous Symbol]                       0x000007b8   Section        0  uart.o(.text.receive_data)
    [Anonymous Symbol]                       0x000007d0   Section        0  uart.o(.text.transmit_data)
    $v0                                      0x000007e2   Number         0  fpinit.o(x$fpl$fpinit)
    x$fpl$fpinit                             0x000007e2   Section       26  fpinit.o(x$fpl$fpinit)
    .L.str.1                                 0x000007fc   Data           7  leds.o(.rodata.str1.1)
    [Anonymous Symbol]                       0x000007fc   Section        0  leds.o(.rodata.str1.1)
    .L.str                                   0x00000803   Data           6  leds.o(.rodata.str1.1)
    .bss                                     0x20000000   Section       96  libspace.o(.bss)
    HeapMem                                  0x20000060   Data           0  startup.o(HEAP)
    StackMem                                 0x20000060   Data           0  startup.o(STACK)
    HEAP                                     0x20000060   Section        0  startup.o(HEAP)
    STACK                                    0x20000060   Section     1024  startup.o(STACK)

    Global Symbols

    Symbol Name                              Value     Ov Type        Size  Object(Section)

    BuildAttributes$$THM_ISAv4$E$P$D$K$B$S$7EM$VFPi3$EXTD16$VFPS$VFMA$PE$A:L22UL41UL21$X:L11$S22US41US21$IEEE1$IW$~IW$USESV6$~STKCKD$USESV7$~SHL$OTIME$ROPI$EBA8$UX$STANDARDLIB$REQ8$PRES8$EABIv2 0x00000000   Number         0  anon$$obj.o ABSOLUTE
    __Vectors                                0x00000000   Data           0  startup.o(RESET)
    __ARM_exceptions_init                     - Undefined Weak Reference
    __alloca_initialize                       - Undefined Weak Reference
    __arm_preinit_                            - Undefined Weak Reference
    __arm_relocate_pie_                       - Undefined Weak Reference
    __cpp_initialize__aeabi_                  - Undefined Weak Reference
    __cxa_finalize                            - Undefined Weak Reference
    __rt_locale                               - Undefined Weak Reference
    __sigvec_lookup                           - Undefined Weak Reference
    _atexit_init                              - Undefined Weak Reference
    _call_atexit_fns                          - Undefined Weak Reference
    _clock_init                               - Undefined Weak Reference
    _fp_trap_init                             - Undefined Weak Reference
    _fp_trap_shutdown                         - Undefined Weak Reference
    _get_lc_collate                           - Undefined Weak Reference
    _get_lc_ctype                             - Undefined Weak Reference
    _get_lc_monetary                          - Undefined Weak Reference
    _get_lc_numeric                           - Undefined Weak Reference
    _get_lc_time                              - Undefined Weak Reference
    _getenv_init                              - Undefined Weak Reference
    _handle_redirection                       - Undefined Weak Reference
    _init_alloc                               - Undefined Weak Reference
    _init_user_alloc                          - Undefined Weak Reference
    _initio                                   - Undefined Weak Reference
    _rand_init                                - Undefined Weak Reference
    _signal_finish                            - Undefined Weak Reference
    _signal_init                              - Undefined Weak Reference
    _terminate_alloc                          - Undefined Weak Reference
    _terminate_user_alloc                     - Undefined Weak Reference
    _terminateio                              - Undefined Weak Reference
    Reset_Handler                            0x00000209   Thumb Code     0  startup.o(RESET)
    NMI_Handler                              0x0000021d   Thumb Code     2  startup.o(RESET)
    HardFault_Handler                        0x0000021f   Thumb Code     2  startup.o(RESET)
    MemManage_Handler                        0x00000221   Thumb Code     2  startup.o(RESET)
    BusFault_Handler                         0x00000223   Thumb Code     2  startup.o(RESET)
    UsageFault_Handler                       0x00000225   Thumb Code     2  startup.o(RESET)
    SVC_Handler                              0x00000227   Thumb Code     2  startup.o(RESET)
    DebugMon_Handler                         0x00000229   Thumb Code     2  startup.o(RESET)
    PendSV_Handler                           0x0000022b   Thumb Code     2  startup.o(RESET)
    SysTick_Handler                          0x0000022d   Thumb Code     2  startup.o(RESET)
    ADC0Seq0_Handler                         0x0000022f   Thumb Code     0  startup.o(RESET)
    ADC0Seq1_Handler                         0x0000022f   Thumb Code     0  startup.o(RESET)
    ADC0Seq2_Handler                         0x0000022f   Thumb Code     0  startup.o(RESET)
    ADC0Seq3_Handler                         0x0000022f   Thumb Code     0  startup.o(RESET)
    ADC1Seq0_Handler                         0x0000022f   Thumb Code     0  startup.o(RESET)
    ADC1Seq1_Handler                         0x0000022f   Thumb Code     0  startup.o(RESET)
    ADC1Seq2_Handler                         0x0000022f   Thumb Code     0  startup.o(RESET)
    ADC1Seq3_Handler                         0x0000022f   Thumb Code     0  startup.o(RESET)
    CAN0_Handler                             0x0000022f   Thumb Code     0  startup.o(RESET)
    CAN1_Handler                             0x0000022f   Thumb Code     0  startup.o(RESET)
    Comp0_Handler                            0x0000022f   Thumb Code     0  startup.o(RESET)
    Comp1_Handler                            0x0000022f   Thumb Code     0  startup.o(RESET)
    Comp2_Handler                            0x0000022f   Thumb Code     0  startup.o(RESET)
    Ethernet_Handler                         0x0000022f   Thumb Code     0  startup.o(RESET)
    ExtBus_Handler                           0x0000022f   Thumb Code     0  startup.o(RESET)
    FPU_Handler                              0x0000022f   Thumb Code     0  startup.o(RESET)
    FlashCtl_Handler                         0x0000022f   Thumb Code     0  startup.o(RESET)
    GPIOPortA_Handler                        0x0000022f   Thumb Code     0  startup.o(RESET)
    GPIOPortB_Handler                        0x0000022f   Thumb Code     0  startup.o(RESET)
    GPIOPortC_Handler                        0x0000022f   Thumb Code     0  startup.o(RESET)
    GPIOPortD_Handler                        0x0000022f   Thumb Code     0  startup.o(RESET)
    GPIOPortE_Handler                        0x0000022f   Thumb Code     0  startup.o(RESET)
    GPIOPortF_Handler                        0x0000022f   Thumb Code     0  startup.o(RESET)
    GPIOPortG_Handler                        0x0000022f   Thumb Code     0  startup.o(RESET)
    GPIOPortH_Handler                        0x0000022f   Thumb Code     0  startup.o(RESET)
    GPIOPortJ_Handler                        0x0000022f   Thumb Code     0  startup.o(RESET)
    GPIOPortK_Handler                        0x0000022f   Thumb Code     0  startup.o(RESET)
    GPIOPortL_Handler                        0x0000022f   Thumb Code     0  startup.o(RESET)
    GPIOPortM_Handler                        0x0000022f   Thumb Code     0  startup.o(RESET)
    GPIOPortN_Handler                        0x0000022f   Thumb Code     0  startup.o(RESET)
    GPIOPortP1_Handler                       0x0000022f   Thumb Code     0  startup.o(RESET)
    GPIOPortP2_Handler                       0x0000022f   Thumb Code     0  startup.o(RESET)
    GPIOPortP3_Handler                       0x0000022f   Thumb Code     0  startup.o(RESET)
    GPIOPortP4_Handler                       0x0000022f   Thumb Code     0  startup.o(RESET)
    GPIOPortP5_Handler                       0x0000022f   Thumb Code     0  startup.o(RESET)
    GPIOPortP6_Handler                       0x0000022f   Thumb Code     0  startup.o(RESET)
    GPIOPortP7_Handler                       0x0000022f   Thumb Code     0  startup.o(RESET)
    GPIOPortP_Handler                        0x0000022f   Thumb Code     0  startup.o(RESET)
    GPIOPortQ1_Handler                       0x0000022f   Thumb Code     0  startup.o(RESET)
    GPIOPortQ2_Handler                       0x0000022f   Thumb Code     0  startup.o(RESET)
    GPIOPortQ3_Handler                       0x0000022f   Thumb Code     0  startup.o(RESET)
    GPIOPortQ4_Handler                       0x0000022f   Thumb Code     0  startup.o(RESET)
    GPIOPortQ5_Handler                       0x0000022f   Thumb Code     0  startup.o(RESET)
    GPIOPortQ6_Handler                       0x0000022f   Thumb Code     0  startup.o(RESET)
    GPIOPortQ7_Handler                       0x0000022f   Thumb Code     0  startup.o(RESET)
    GPIOPortQ_Handler                        0x0000022f   Thumb Code     0  startup.o(RESET)
    Hibernate_Handler                        0x0000022f   Thumb Code     0  startup.o(RESET)
    I2C0_Handler                             0x0000022f   Thumb Code     0  startup.o(RESET)
    I2C1_Handler                             0x0000022f   Thumb Code     0  startup.o(RESET)
    I2C2_Handler                             0x0000022f   Thumb Code     0  startup.o(RESET)
    I2C3_Handler                             0x0000022f   Thumb Code     0  startup.o(RESET)
    I2C4_Handler                             0x0000022f   Thumb Code     0  startup.o(RESET)
    I2C5_Handler                             0x0000022f   Thumb Code     0  startup.o(RESET)
    I2C6_Handler                             0x0000022f   Thumb Code     0  startup.o(RESET)
    I2C7_Handler                             0x0000022f   Thumb Code     0  startup.o(RESET)
    I2C8_Handler                             0x0000022f   Thumb Code     0  startup.o(RESET)
    I2C9_Handler                             0x0000022f   Thumb Code     0  startup.o(RESET)
    PWM0Fault_Handler                        0x0000022f   Thumb Code     0  startup.o(RESET)
    PWM0Generator0_Handler                   0x0000022f   Thumb Code     0  startup.o(RESET)
    PWM0Generator1_Handler                   0x0000022f   Thumb Code     0  startup.o(RESET)
    PWM0Generator2_Handler                   0x0000022f   Thumb Code     0  startup.o(RESET)
    PWM0Generator3_Handler                   0x0000022f   Thumb Code     0  startup.o(RESET)
    Quadrature0_Handler                      0x0000022f   Thumb Code     0  startup.o(RESET)
    SSI0_Handler                             0x0000022f   Thumb Code     0  startup.o(RESET)
    SSI1_Handler                             0x0000022f   Thumb Code     0  startup.o(RESET)
    SSI2_Handler                             0x0000022f   Thumb Code     0  startup.o(RESET)
    SSI3_Handler                             0x0000022f   Thumb Code     0  startup.o(RESET)
    SysCtl_Handler                           0x0000022f   Thumb Code     0  startup.o(RESET)
    Tamper_Handler                           0x0000022f   Thumb Code     0  startup.o(RESET)
    Timer0A_Handler                          0x0000022f   Thumb Code     0  startup.o(RESET)
    Timer0B_Handler                          0x0000022f   Thumb Code     0  startup.o(RESET)
    Timer1A_Handler                          0x0000022f   Thumb Code     0  startup.o(RESET)
    Timer1B_Handler                          0x0000022f   Thumb Code     0  startup.o(RESET)
    Timer2A_Handler                          0x0000022f   Thumb Code     0  startup.o(RESET)
    Timer2B_Handler                          0x0000022f   Thumb Code     0  startup.o(RESET)
    Timer3A_Handler                          0x0000022f   Thumb Code     0  startup.o(RESET)
    Timer3B_Handler                          0x0000022f   Thumb Code     0  startup.o(RESET)
    Timer4A_Handler                          0x0000022f   Thumb Code     0  startup.o(RESET)
    Timer4B_Handler                          0x0000022f   Thumb Code     0  startup.o(RESET)
    Timer5A_Handler                          0x0000022f   Thumb Code     0  startup.o(RESET)
    Timer5B_Handler                          0x0000022f   Thumb Code     0  startup.o(RESET)
    Timer6A_Handler                          0x0000022f   Thumb Code     0  startup.o(RESET)
    Timer6B_Handler                          0x0000022f   Thumb Code     0  startup.o(RESET)
    Timer7A_Handler                          0x0000022f   Thumb Code     0  startup.o(RESET)
    Timer7B_Handler                          0x0000022f   Thumb Code     0  startup.o(RESET)
    UART0_Handler                            0x0000022f   Thumb Code     0  startup.o(RESET)
    UART1_Handler                            0x0000022f   Thumb Code     0  startup.o(RESET)
    UART2_Handler                            0x0000022f   Thumb Code     0  startup.o(RESET)
    UART3_Handler                            0x0000022f   Thumb Code     0  startup.o(RESET)
    UART4_Handler                            0x0000022f   Thumb Code     0  startup.o(RESET)
    UART5_Handler                            0x0000022f   Thumb Code     0  startup.o(RESET)
    UART6_Handler                            0x0000022f   Thumb Code     0  startup.o(RESET)
    UART7_Handler                            0x0000022f   Thumb Code     0  startup.o(RESET)
    USB0_Handler                             0x0000022f   Thumb Code     0  startup.o(RESET)
    WDT_Handler                              0x0000022f   Thumb Code     0  startup.o(RESET)
    uDMA_Error                               0x0000022f   Thumb Code     0  startup.o(RESET)
    uDMA_Handler                             0x0000022f   Thumb Code     0  startup.o(RESET)
    __main                                   0x00000231   Thumb Code     8  __main.o(!!!main)
    __scatterload                            0x00000239   Thumb Code     0  __scatter.o(!!!scatter)
    __scatterload_rt2                        0x00000239   Thumb Code    84  __scatter.o(!!!scatter)
    __scatterload_rt2_thumb_only             0x00000239   Thumb Code     0  __scatter.o(!!!scatter)
    __scatterload_loop                       0x00000243   Thumb Code     0  __scatter.o(!!!scatter)
    __scatterload_null                       0x00000295   Thumb Code     2  __scatter.o(!!handler_null)
    __scatterload_zeroinit                   0x00000299   Thumb Code    28  __scatter_zi.o(!!handler_zi)
    __rt_lib_init                            0x000002b5   Thumb Code     0  libinit.o(.ARM.Collect$$libinit$$00000000)
    __rt_lib_init_fp_1                       0x000002b7   Thumb Code     0  libinit2.o(.ARM.Collect$$libinit$$00000001)
    __rt_lib_init_alloca_1                   0x000002bb   Thumb Code     0  libinit2.o(.ARM.Collect$$libinit$$00000030)
    __rt_lib_init_argv_1                     0x000002bb   Thumb Code     0  libinit2.o(.ARM.Collect$$libinit$$0000002E)
    __rt_lib_init_atexit_1                   0x000002bb   Thumb Code     0  libinit2.o(.ARM.Collect$$libinit$$0000001D)
    __rt_lib_init_clock_1                    0x000002bb   Thumb Code     0  libinit2.o(.ARM.Collect$$libinit$$00000023)
    __rt_lib_init_cpp_1                      0x000002bb   Thumb Code     0  libinit2.o(.ARM.Collect$$libinit$$00000034)
    __rt_lib_init_exceptions_1               0x000002bb   Thumb Code     0  libinit2.o(.ARM.Collect$$libinit$$00000032)
    __rt_lib_init_fp_trap_1                  0x000002bb   Thumb Code     0  libinit2.o(.ARM.Collect$$libinit$$00000021)
    __rt_lib_init_getenv_1                   0x000002bb   Thumb Code     0  libinit2.o(.ARM.Collect$$libinit$$00000025)
    __rt_lib_init_heap_1                     0x000002bb   Thumb Code     0  libinit2.o(.ARM.Collect$$libinit$$0000000C)
    __rt_lib_init_lc_collate_1               0x000002bb   Thumb Code     0  libinit2.o(.ARM.Collect$$libinit$$00000013)
    __rt_lib_init_lc_ctype_1                 0x000002bb   Thumb Code     0  libinit2.o(.ARM.Collect$$libinit$$00000015)
    __rt_lib_init_lc_monetary_1              0x000002bb   Thumb Code     0  libinit2.o(.ARM.Collect$$libinit$$00000017)
    __rt_lib_init_lc_numeric_1               0x000002bb   Thumb Code     0  libinit2.o(.ARM.Collect$$libinit$$00000019)
    __rt_lib_init_lc_time_1                  0x000002bb   Thumb Code     0  libinit2.o(.ARM.Collect$$libinit$$0000001B)
    __rt_lib_init_preinit_1                  0x000002bb   Thumb Code     0  libinit2.o(.ARM.Collect$$libinit$$00000006)
    __rt_lib_init_rand_1                     0x000002bb   Thumb Code     0  libinit2.o(.ARM.Collect$$libinit$$00000010)
    __rt_lib_init_relocate_pie_1             0x000002bb   Thumb Code     0  libinit2.o(.ARM.Collect$$libinit$$00000004)
    __rt_lib_init_return                     0x000002bb   Thumb Code     0  libinit2.o(.ARM.Collect$$libinit$$00000035)
    __rt_lib_init_signal_1                   0x000002bb   Thumb Code     0  libinit2.o(.ARM.Collect$$libinit$$0000001F)
    __rt_lib_init_stdio_1                    0x000002bb   Thumb Code     0  libinit2.o(.ARM.Collect$$libinit$$00000027)
    __rt_lib_init_user_alloc_1               0x000002bb   Thumb Code     0  libinit2.o(.ARM.Collect$$libinit$$0000000E)
    __rt_lib_shutdown                        0x000002bd   Thumb Code     0  libshutdown.o(.ARM.Collect$$libshutdown$$00000000)
    __rt_lib_shutdown_cpp_1                  0x000002bf   Thumb Code     0  libshutdown2.o(.ARM.Collect$$libshutdown$$00000002)
    __rt_lib_shutdown_fp_trap_1              0x000002bf   Thumb Code     0  libshutdown2.o(.ARM.Collect$$libshutdown$$00000007)
    __rt_lib_shutdown_heap_1                 0x000002bf   Thumb Code     0  libshutdown2.o(.ARM.Collect$$libshutdown$$0000000F)
    __rt_lib_shutdown_return                 0x000002bf   Thumb Code     0  libshutdown2.o(.ARM.Collect$$libshutdown$$00000010)
    __rt_lib_shutdown_signal_1               0x000002bf   Thumb Code     0  libshutdown2.o(.ARM.Collect$$libshutdown$$0000000A)
    __rt_lib_shutdown_stdio_1                0x000002bf   Thumb Code     0  libshutdown2.o(.ARM.Collect$$libshutdown$$00000004)
    __rt_lib_shutdown_user_alloc_1           0x000002bf   Thumb Code     0  libshutdown2.o(.ARM.Collect$$libshutdown$$0000000C)
    __rt_entry                               0x000002c1   Thumb Code     0  __rtentry.o(.ARM.Collect$$rtentry$$00000000)
    __rt_entry_presh_1                       0x000002c1   Thumb Code     0  __rtentry2.o(.ARM.Collect$$rtentry$$00000002)
    __rt_entry_sh                            0x000002c1   Thumb Code     0  __rtentry4.o(.ARM.Collect$$rtentry$$00000004)
    __rt_entry_li                            0x000002c7   Thumb Code     0  __rtentry2.o(.ARM.Collect$$rtentry$$0000000A)
    __rt_entry_postsh_1                      0x000002c7   Thumb Code     0  __rtentry2.o(.ARM.Collect$$rtentry$$00000009)
    __rt_entry_main                          0x000002cb   Thumb Code     0  __rtentry2.o(.ARM.Collect$$rtentry$$0000000D)
    __rt_entry_postli_1                      0x000002cb   Thumb Code     0  __rtentry2.o(.ARM.Collect$$rtentry$$0000000C)
    __rt_exit                                0x000002d3   Thumb Code     0  rtexit.o(.ARM.Collect$$rtexit$$00000000)
    __rt_exit_ls                             0x000002d5   Thumb Code     0  rtexit2.o(.ARM.Collect$$rtexit$$00000003)
    __rt_exit_prels_1                        0x000002d5   Thumb Code     0  rtexit2.o(.ARM.Collect$$rtexit$$00000002)
    __rt_exit_exit                           0x000002d9   Thumb Code     0  rtexit2.o(.ARM.Collect$$rtexit$$00000004)
    DisableInterrupts                        0x000002e1   Thumb Code     0  startup.o(.text)
    EnableInterrupts                         0x000002e5   Thumb Code     0  startup.o(.text)
    StartCritical                            0x000002e9   Thumb Code     0  startup.o(.text)
    EndCritical                              0x000002f1   Thumb Code     0  startup.o(.text)
    WaitForInterrupt                         0x000002f7   Thumb Code     0  startup.o(.text)
    __user_initial_stackheap                 0x000002fb   Thumb Code     0  startup.o(.text)
    PLL_Init                                 0x00000311   Thumb Code     0  utils.o(.text)
    SysTick_Init                             0x00000439   Thumb Code     0  utils.o(.text)
    SysTick_Wait1ms                          0x00000473   Thumb Code     0  utils.o(.text)
    __use_two_region_memory                  0x000004f5   Thumb Code     2  heapauxi.o(.text)
    __rt_heap_escrow$2region                 0x000004f7   Thumb Code     2  heapauxi.o(.text)
    __rt_heap_expand$2region                 0x000004f9   Thumb Code     2  heapauxi.o(.text)
    __user_setup_stackheap                   0x000004fb   Thumb Code    74  sys_stackheap_outer.o(.text)
    exit                                     0x00000545   Thumb Code    18  exit.o(.text)
    __user_libspace                          0x00000559   Thumb Code     8  libspace.o(.text)
    __user_perproc_libspace                  0x00000559   Thumb Code     0  libspace.o(.text)
    __user_perthread_libspace                0x00000559   Thumb Code     0  libspace.o(.text)
    _sys_exit                                0x00000561   Thumb Code     8  sys_exit.o(.text)
    __I$use$semihosting                      0x0000056d   Thumb Code     0  use_no_semi.o(.text)
    __use_no_semihosting_swi                 0x0000056d   Thumb Code     2  use_no_semi.o(.text)
    __semihosting_library_function           0x0000056f   Thumb Code     0  indicate_semi.o(.text)
    GPIO_Init                                0x00000571   Thumb Code   116  gpio.o(.text.GPIO_Init)
    UART_Init                                0x000005e5   Thumb Code    78  gpio.o(.text.UART_Init)
    change_led_state                         0x00000635   Thumb Code   360  leds.o(.text.change_led_state)
    main                                     0x0000079d   Thumb Code    26  main.o(.text.main)
    receive_data                             0x000007b9   Thumb Code    22  uart.o(.text.receive_data)
    transmit_data                            0x000007d1   Thumb Code    18  uart.o(.text.transmit_data)
    _fp_init                                 0x000007e3   Thumb Code    26  fpinit.o(x$fpl$fpinit)
    __fplib_config_fpu_vfp                   0x000007fb   Thumb Code     0  fpinit.o(x$fpl$fpinit)
    __fplib_config_pureend_doubles           0x000007fb   Thumb Code     0  fpinit.o(x$fpl$fpinit)
    Region$$Table$$Base                      0x0000080c   Number         0  anon$$obj.o(Region$$Table)
    Region$$Table$$Limit                     0x0000081c   Number         0  anon$$obj.o(Region$$Table)
    __libspace_start                         0x20000000   Data          96  libspace.o(.bss)
    __temporary_stack_top$libspace           0x20000060   Data           0  libspace.o(.bss)



==============================================================================

Memory Map of the image

  Image Entry point : 0x00000209

  Load Region LR_1 (Base: 0x00000000, Size: 0x0000081c, Max: 0xffffffff, ABSOLUTE)

    Execution Region ER_RO (Exec base: 0x00000000, Load base: 0x00000000, Size: 0x0000081c, Max: 0xffffffff, ABSOLUTE)

    Exec Addr    Load Addr    Size         Type   Attr      Idx    E Section Name        Object

    0x00000000   0x00000000   0x00000230   Code   RO            3  * RESET               startup.o
    0x00000230   0x00000230   0x00000008   Code   RO           63  * !!!main             c_w.l(__main.o)
    0x00000238   0x00000238   0x0000005c   Code   RO          228    !!!scatter          c_w.l(__scatter.o)
    0x00000294   0x00000294   0x00000002   Code   RO          229    !!handler_null      c_w.l(__scatter.o)
    0x00000296   0x00000296   0x00000002   PAD
    0x00000298   0x00000298   0x0000001c   Code   RO          232    !!handler_zi        c_w.l(__scatter_zi.o)
    0x000002b4   0x000002b4   0x00000002   Code   RO           90    .ARM.Collect$$libinit$$00000000  c_w.l(libinit.o)
    0x000002b6   0x000002b6   0x00000004   Code   RO           96    .ARM.Collect$$libinit$$00000001  c_w.l(libinit2.o)
    0x000002ba   0x000002ba   0x00000000   Code   RO           99    .ARM.Collect$$libinit$$00000004  c_w.l(libinit2.o)
    0x000002ba   0x000002ba   0x00000000   Code   RO          101    .ARM.Collect$$libinit$$00000006  c_w.l(libinit2.o)
    0x000002ba   0x000002ba   0x00000000   Code   RO          104    .ARM.Collect$$libinit$$0000000C  c_w.l(libinit2.o)
    0x000002ba   0x000002ba   0x00000000   Code   RO          106    .ARM.Collect$$libinit$$0000000E  c_w.l(libinit2.o)
    0x000002ba   0x000002ba   0x00000000   Code   RO          108    .ARM.Collect$$libinit$$00000010  c_w.l(libinit2.o)
    0x000002ba   0x000002ba   0x00000000   Code   RO          111    .ARM.Collect$$libinit$$00000013  c_w.l(libinit2.o)
    0x000002ba   0x000002ba   0x00000000   Code   RO          113    .ARM.Collect$$libinit$$00000015  c_w.l(libinit2.o)
    0x000002ba   0x000002ba   0x00000000   Code   RO          115    .ARM.Collect$$libinit$$00000017  c_w.l(libinit2.o)
    0x000002ba   0x000002ba   0x00000000   Code   RO          117    .ARM.Collect$$libinit$$00000019  c_w.l(libinit2.o)
    0x000002ba   0x000002ba   0x00000000   Code   RO          119    .ARM.Collect$$libinit$$0000001B  c_w.l(libinit2.o)
    0x000002ba   0x000002ba   0x00000000   Code   RO          121    .ARM.Collect$$libinit$$0000001D  c_w.l(libinit2.o)
    0x000002ba   0x000002ba   0x00000000   Code   RO          123    .ARM.Collect$$libinit$$0000001F  c_w.l(libinit2.o)
    0x000002ba   0x000002ba   0x00000000   Code   RO          125    .ARM.Collect$$libinit$$00000021  c_w.l(libinit2.o)
    0x000002ba   0x000002ba   0x00000000   Code   RO          127    .ARM.Collect$$libinit$$00000023  c_w.l(libinit2.o)
    0x000002ba   0x000002ba   0x00000000   Code   RO          129    .ARM.Collect$$libinit$$00000025  c_w.l(libinit2.o)
    0x000002ba   0x000002ba   0x00000000   Code   RO          131    .ARM.Collect$$libinit$$00000027  c_w.l(libinit2.o)
    0x000002ba   0x000002ba   0x00000000   Code   RO          135    .ARM.Collect$$libinit$$0000002E  c_w.l(libinit2.o)
    0x000002ba   0x000002ba   0x00000000   Code   RO          137    .ARM.Collect$$libinit$$00000030  c_w.l(libinit2.o)
    0x000002ba   0x000002ba   0x00000000   Code   RO          139    .ARM.Collect$$libinit$$00000032  c_w.l(libinit2.o)
    0x000002ba   0x000002ba   0x00000000   Code   RO          141    .ARM.Collect$$libinit$$00000034  c_w.l(libinit2.o)
    0x000002ba   0x000002ba   0x00000002   Code   RO          142    .ARM.Collect$$libinit$$00000035  c_w.l(libinit2.o)
    0x000002bc   0x000002bc   0x00000002   Code   RO          164    .ARM.Collect$$libshutdown$$00000000  c_w.l(libshutdown.o)
    0x000002be   0x000002be   0x00000000   Code   RO          179    .ARM.Collect$$libshutdown$$00000002  c_w.l(libshutdown2.o)
    0x000002be   0x000002be   0x00000000   Code   RO          181    .ARM.Collect$$libshutdown$$00000004  c_w.l(libshutdown2.o)
    0x000002be   0x000002be   0x00000000   Code   RO          184    .ARM.Collect$$libshutdown$$00000007  c_w.l(libshutdown2.o)
    0x000002be   0x000002be   0x00000000   Code   RO          187    .ARM.Collect$$libshutdown$$0000000A  c_w.l(libshutdown2.o)
    0x000002be   0x000002be   0x00000000   Code   RO          189    .ARM.Collect$$libshutdown$$0000000C  c_w.l(libshutdown2.o)
    0x000002be   0x000002be   0x00000000   Code   RO          192    .ARM.Collect$$libshutdown$$0000000F  c_w.l(libshutdown2.o)
    0x000002be   0x000002be   0x00000002   Code   RO          193    .ARM.Collect$$libshutdown$$00000010  c_w.l(libshutdown2.o)
    0x000002c0   0x000002c0   0x00000000   Code   RO           65    .ARM.Collect$$rtentry$$00000000  c_w.l(__rtentry.o)
    0x000002c0   0x000002c0   0x00000000   Code   RO           67    .ARM.Collect$$rtentry$$00000002  c_w.l(__rtentry2.o)
    0x000002c0   0x000002c0   0x00000006   Code   RO           79    .ARM.Collect$$rtentry$$00000004  c_w.l(__rtentry4.o)
    0x000002c6   0x000002c6   0x00000000   Code   RO           69    .ARM.Collect$$rtentry$$00000009  c_w.l(__rtentry2.o)
    0x000002c6   0x000002c6   0x00000004   Code   RO           70    .ARM.Collect$$rtentry$$0000000A  c_w.l(__rtentry2.o)
    0x000002ca   0x000002ca   0x00000000   Code   RO           72    .ARM.Collect$$rtentry$$0000000C  c_w.l(__rtentry2.o)
    0x000002ca   0x000002ca   0x00000008   Code   RO           73    .ARM.Collect$$rtentry$$0000000D  c_w.l(__rtentry2.o)
    0x000002d2   0x000002d2   0x00000002   Code   RO           94    .ARM.Collect$$rtexit$$00000000  c_w.l(rtexit.o)
    0x000002d4   0x000002d4   0x00000000   Code   RO          144    .ARM.Collect$$rtexit$$00000002  c_w.l(rtexit2.o)
    0x000002d4   0x000002d4   0x00000004   Code   RO          145    .ARM.Collect$$rtexit$$00000003  c_w.l(rtexit2.o)
    0x000002d8   0x000002d8   0x00000006   Code   RO          146    .ARM.Collect$$rtexit$$00000004  c_w.l(rtexit2.o)
    0x000002de   0x000002de   0x00000002   PAD
    0x000002e0   0x000002e0   0x00000030   Code   RO            4    .text               startup.o
    0x00000310   0x00000310   0x000001e4   Code   RO           12    .text               utils.o
    0x000004f4   0x000004f4   0x00000006   Code   RO           61    .text               c_w.l(heapauxi.o)
    0x000004fa   0x000004fa   0x0000004a   Code   RO           81    .text               c_w.l(sys_stackheap_outer.o)
    0x00000544   0x00000544   0x00000012   Code   RO           83    .text               c_w.l(exit.o)
    0x00000556   0x00000556   0x00000002   PAD
    0x00000558   0x00000558   0x00000008   Code   RO           91    .text               c_w.l(libspace.o)
    0x00000560   0x00000560   0x0000000c   Code   RO          154    .text               c_w.l(sys_exit.o)
    0x0000056c   0x0000056c   0x00000002   Code   RO          169    .text               c_w.l(use_no_semi.o)
    0x0000056e   0x0000056e   0x00000000   Code   RO          171    .text               c_w.l(indicate_semi.o)
    0x0000056e   0x0000056e   0x00000002   PAD
    0x00000570   0x00000570   0x00000074   Code   RO           28    .text.GPIO_Init     gpio.o
    0x000005e4   0x000005e4   0x0000004e   Code   RO           26    .text.UART_Init     gpio.o
    0x00000632   0x00000632   0x00000002   PAD
    0x00000634   0x00000634   0x00000168   Code   RO           50    .text.change_led_state  leds.o
    0x0000079c   0x0000079c   0x0000001a   Code   RO           16    .text.main          main.o
    0x000007b6   0x000007b6   0x00000002   PAD
    0x000007b8   0x000007b8   0x00000016   Code   RO           38    .text.receive_data  uart.o
    0x000007ce   0x000007ce   0x00000002   PAD
    0x000007d0   0x000007d0   0x00000012   Code   RO           40    .text.transmit_data  uart.o
    0x000007e2   0x000007e2   0x0000001a   Code   RO          152    x$fpl$fpinit        fz_wm.l(fpinit.o)
    0x000007fc   0x000007fc   0x0000000d   Data   RO           52    .rodata.str1.1      leds.o
    0x00000809   0x00000809   0x00000003   PAD
    0x0000080c   0x0000080c   0x00000010   Data   RO          227    Region$$Table       anon$$obj.o


    Execution Region ER_RW (Exec base: 0x20000000, Load base: 0x0000081c, Size: 0x00000000, Max: 0xffffffff, ABSOLUTE)

    **** No section assigned to this execution region ****


    Execution Region ER_ZI (Exec base: 0x20000000, Load base: 0x0000081c, Size: 0x00000460, Max: 0xffffffff, ABSOLUTE)

    Exec Addr    Load Addr    Size         Type   Attr      Idx    E Section Name        Object

    0x20000000        -       0x00000060   Zero   RW           92    .bss                c_w.l(libspace.o)
    0x20000060        -       0x00000000   Zero   RW            2    HEAP                startup.o
    0x20000060        -       0x00000400   Zero   RW            1    STACK               startup.o


==============================================================================

Image component sizes


      Code (inc. data)   RO Data    RW Data    ZI Data      Debug   Object Name

       194          0          0          0          0       1218   gpio.o
       360          4         13          0          0       1348   leds.o
        26          0          0          0          0        563   main.o
       608        532          0          0       1024       1072   startup.o
        40          0          0          0          0        795   uart.o
       484         92          0          0          0        400   utils.o

    ----------------------------------------------------------------------
      1718        628         32          0       1024       5396   Object Totals
         0          0         16          0          0          0   (incl. Generated)
         6          0          3          0          0          0   (incl. Padding)

    ----------------------------------------------------------------------

      Code (inc. data)   RO Data    RW Data    ZI Data      Debug   Library Member Name

         8          0          0          0          0         68   __main.o
         0          0          0          0          0          0   __rtentry.o
        12          0          0          0          0          0   __rtentry2.o
         6          0          0          0          0          0   __rtentry4.o
        94          8          0          0          0          0   __scatter.o
        28          0          0          0          0          0   __scatter_zi.o
        18          0          0          0          0         80   exit.o
         6          0          0          0          0        152   heapauxi.o
         0          0          0          0          0          0   indicate_semi.o
         2          0          0          0          0          0   libinit.o
         6          0          0          0          0          0   libinit2.o
         2          0          0          0          0          0   libshutdown.o
         2          0          0          0          0          0   libshutdown2.o
         8          4          0          0         96         68   libspace.o
         2          0          0          0          0          0   rtexit.o
        10          0          0          0          0          0   rtexit2.o
        12          4          0          0          0         68   sys_exit.o
        74          0          0          0          0         80   sys_stackheap_outer.o
         2          0          0          0          0         68   use_no_semi.o
        26          0          0          0          0        116   fpinit.o

    ----------------------------------------------------------------------
       326         16          0          0         96        700   Library Totals
         8          0          0          0          0          0   (incl. Padding)

    ----------------------------------------------------------------------

      Code (inc. data)   RO Data    RW Data    ZI Data      Debug   Library Name

       292         16          0          0         96        584   c_w.l
        26          0          0          0          0        116   fz_wm.l

    ----------------------------------------------------------------------
       326         16          0          0         96        700   Library Totals

    ----------------------------------------------------------------------

==============================================================================


      Code (inc. data)   RO Data    RW Data    ZI Data      Debug   

      2044        644         32          0       1120       5880   Grand Totals
      2044        644         32          0       1120       5880   ELF Image Totals
      2044        644         32          0          0          0   ROM Totals

==============================================================================

    Total RO  Size (Code + RO Data)                 2076 (   2.03kB)
    Total RW  Size (RW Data + ZI Data)              1120 (   1.09kB)
    Total ROM Size (Code + RO Data + RW Data)       2076 (   2.03kB)

==============================================================================

