Component: Arm Compiler for Embedded 6.21 Tool: armlink [5ec1fa00]

==============================================================================

Section Cross References

    startup.o(STACK) refers (Special) to heapauxi.o(.text) for __use_two_region_memory
    startup.o(HEAP) refers (Special) to heapauxi.o(.text) for __use_two_region_memory
    startup.o(RESET) refers (Special) to heapauxi.o(.text) for __use_two_region_memory
    startup.o(RESET) refers to startup.o(STACK) for StackMem
    startup.o(RESET) refers to timer.o(.text.Timer2A_Handler) for Timer2A_Handler
    startup.o(RESET) refers to interrupt.o(.text.GPIOPortJ_Handler) for GPIOPortJ_Handler
    startup.o(RESET) refers to __main.o(!!!main) for __main
    startup.o(.text) refers (Special) to heapauxi.o(.text) for __use_two_region_memory
    startup.o(.text) refers to startup.o(HEAP) for HeapMem
    startup.o(.text) refers to startup.o(STACK) for StackMem
    main.o(.text.main) refers to utils.o(.text) for PLL_Init
    main.o(.text.main) refers to gpio.o(.text.gpio_setup) for gpio_setup
    main.o(.text.main) refers to adc.o(.text.adc_setup) for adc_setup
    main.o(.text.main) refers to timer.o(.text.timer_setup) for timer_setup
    main.o(.text.main) refers to interrupt.o(.text.interrupt_setup) for interrupt_setup
    main.o(.text.main) refers to main.o(.bss.states_machine) for states_machine
    main.o(.text.main) refers to state_0.o(.text.state_0) for state_0
    main.o(.text.main) refers to state_1.o(.text.state_1) for state_1
    main.o(.text.main) refers to main.o(.bss.motor_mode) for motor_mode
    main.o(.text.main) refers to state_2a.o(.text.state_2a) for state_2a
    main.o(.text.main) refers to main.o(.bss.usr_sw_2_pressed) for usr_sw_2_pressed
    main.o(.text.main) refers to state_2b.o(.text.state_2b) for state_2b
    main.o(.text.main) refers to state_3b.o(.text.state_3b) for state_3b
    main.o(.text.main) refers to main.o(.bss.usr_sw_1_pressed) for usr_sw_1_pressed
    main.o(.text.main) refers to main.o(.bss.state_2b_timer_flag) for state_2b_timer_flag
    main.o(.ARM.exidx.text.main) refers to main.o(.text.main) for [Anonymous Symbol]
    gpio.o(.ARM.exidx.text.gpio_setup) refers to gpio.o(.text.gpio_setup) for [Anonymous Symbol]
    interrupt.o(.ARM.exidx.text.interrupt_setup) refers to interrupt.o(.text.interrupt_setup) for [Anonymous Symbol]
    interrupt.o(.text.GPIOPortJ_Handler) refers to main.o(.bss.states_machine) for states_machine
    interrupt.o(.text.GPIOPortJ_Handler) refers to main.o(.bss.usr_sw_1_pressed) for usr_sw_1_pressed
    interrupt.o(.text.GPIOPortJ_Handler) refers to main.o(.bss.usr_sw_2_pressed) for usr_sw_2_pressed
    interrupt.o(.ARM.exidx.text.GPIOPortJ_Handler) refers to interrupt.o(.text.GPIOPortJ_Handler) for [Anonymous Symbol]
    timer.o(.ARM.exidx.text.timer_setup) refers to timer.o(.text.timer_setup) for [Anonymous Symbol]
    timer.o(.text.Timer2A_Handler) refers to main.o(.bss.timer_counter) for timer_counter
    timer.o(.text.Timer2A_Handler) refers to main.o(.bss.states_machine) for states_machine
    timer.o(.text.Timer2A_Handler) refers to main.o(.bss.state_2b_timer_flag) for state_2b_timer_flag
    timer.o(.text.Timer2A_Handler) refers to adc.o(.text.potenciometer_analog_read) for potenciometer_analog_read
    timer.o(.text.Timer2A_Handler) refers to main.o(.bss.changed_direction) for changed_direction
    timer.o(.text.Timer2A_Handler) refers to main.o(.bss.duty_cycle_increment) for duty_cycle_increment
    timer.o(.text.Timer2A_Handler) refers to main.o(.bss.duty_cycle_step) for duty_cycle_step
    timer.o(.text.Timer2A_Handler) refers to lcd.o(.text.print_motor_info_keyboard) for print_motor_info_keyboard
    timer.o(.text.Timer2A_Handler) refers to timer.o(.rodata.str1.1) for .L.str
    timer.o(.text.Timer2A_Handler) refers to lcd.o(.text.lcd_print_string) for lcd_print_string
    timer.o(.text.Timer2A_Handler) refers to main.o(.data.motor_direction) for motor_direction
    timer.o(.text.Timer2A_Handler) refers to main.o(.bss.pwm_high) for pwm_high
    timer.o(.text.Timer2A_Handler) refers to lcd.o(.text.print_motor_info_potentiometer) for print_motor_info_potentiometer
    timer.o(.ARM.exidx.text.Timer2A_Handler) refers to timer.o(.text.Timer2A_Handler) for [Anonymous Symbol]
    timer.o(.text.state_3b_time_handler) refers to adc.o(.text.potenciometer_analog_read) for potenciometer_analog_read
    timer.o(.text.state_3b_time_handler) refers to main.o(.bss.changed_direction) for changed_direction
    timer.o(.text.state_3b_time_handler) refers to main.o(.bss.duty_cycle_step) for duty_cycle_step
    timer.o(.text.state_3b_time_handler) refers to main.o(.bss.pwm_high) for pwm_high
    timer.o(.text.state_3b_time_handler) refers to main.o(.data.motor_direction) for motor_direction
    timer.o(.text.state_3b_time_handler) refers to lcd.o(.text.print_motor_info_keyboard) for print_motor_info_keyboard
[...]
    ../clib/printf.c                         0x00000000   Number         0  _printf_hex_int_ll_ptr.o ABSOLUTE
    ../clib/printf.c                         0x00000000   Number         0  __printf_flags.o ABSOLUTE
    ../clib/printf.c                         0x00000000   Number         0  __printf_ss.o ABSOLUTE
    ../clib/printf.c                         0x00000000   Number         0  __printf_flags_ss.o ABSOLUTE
    ../clib/printf.c                         0x00000000   Number         0  __printf_wp.o ABSOLUTE
    ../clib/printf.c                         0x00000000   Number         0  __printf_flags_wp.o ABSOLUTE
    ../clib/printf.c                         0x00000000   Number         0  __printf_ss_wp.o ABSOLUTE
    ../clib/printf.c                         0x00000000   Number         0  __printf_flags_ss_wp.o ABSOLUTE
    ../clib/printf.c                         0x00000000   Number         0  _printf_intcommon.o ABSOLUTE
    ../clib/printf.c                         0x00000000   Number         0  _printf_fp_dec.o ABSOLUTE
    ../clib/printf.c                         0x00000000   Number         0  _printf_fp_dec_accurate.o ABSOLUTE
    ../clib/printf.c                         0x00000000   Number         0  _printf_fp_hex.o ABSOLUTE
    ../clib/printf.c                         0x00000000   Number         0  __printf_nopercent.o ABSOLUTE
    ../clib/printf.c                         0x00000000   Number         0  _printf_char.o ABSOLUTE
    ../clib/printf.c                         0x00000000   Number         0  _printf_wchar.o ABSOLUTE
    ../clib/printf.c                         0x00000000   Number         0  _printf_fp_infnan.o ABSOLUTE
    ../clib/printf_percent.s                 0x00000000   Number         0  _printf_c.o ABSOLUTE
    ../clib/printf_percent.s                 0x00000000   Number         0  _printf_s.o ABSOLUTE
    ../clib/printf_percent.s                 0x00000000   Number         0  _printf_n.o ABSOLUTE
    ../clib/printf_percent.s                 0x00000000   Number         0  _printf_x.o ABSOLUTE
    ../clib/printf_percent.s                 0x00000000   Number         0  _printf_p.o ABSOLUTE
    ../clib/printf_percent.s                 0x00000000   Number         0  _printf_o.o ABSOLUTE
    ../clib/printf_percent.s                 0x00000000   Number         0  _printf_i.o ABSOLUTE
    ../clib/printf_percent.s                 0x00000000   Number         0  _printf_d.o ABSOLUTE
    ../clib/printf_percent.s                 0x00000000   Number         0  _printf_u.o ABSOLUTE
    ../clib/printf_percent.s                 0x00000000   Number         0  _printf_f.o ABSOLUTE
    ../clib/printf_percent.s                 0x00000000   Number         0  _printf_e.o ABSOLUTE
    ../clib/printf_percent.s                 0x00000000   Number         0  _printf_g.o ABSOLUTE
    ../clib/printf_percent.s                 0x00000000   Number         0  _printf_a.o ABSOLUTE
    ../clib/printf_percent.s                 0x00000000   Number         0  _printf_percent.o ABSOLUTE
    ../clib/printf_percent.s                 0x00000000   Number         0  _printf_lli.o ABSOLUTE
    ../clib/printf_percent.s                 0x00000000   Number         0  _printf_lld.o ABSOLUTE
    ../clib/printf_percent.s                 0x00000000   Number         0  _printf_llu.o ABSOLUTE
    ../clib/printf_percent.s                 0x00000000   Number         0  _printf_ll.o ABSOLUTE
    ../clib/printf_percent.s                 0x00000000   Number         0  _printf_l.o ABSOLUTE
    ../clib/printf_percent.s                 0x00000000   Number         0  _printf_lc.o ABSOLUTE
    ../clib/printf_percent.s                 0x00000000   Number         0  _printf_ls.o ABSOLUTE
    ../clib/printf_percent.s                 0x00000000   Number         0  _printf_llo.o ABSOLUTE
    ../clib/printf_percent.s                 0x00000000   Number         0  _printf_llx.o ABSOLUTE
    ../clib/printf_percent.s                 0x00000000   Number         0  _printf_percent_end.o ABSOLUTE
    ../clib/signal.c                         0x00000000   Number         0  defsig_rtmem_outer.o ABSOLUTE
    ../clib/signal.c                         0x00000000   Number         0  defsig_rtmem_formal.o ABSOLUTE
    ../clib/signal.c                         0x00000000   Number         0  defsig_exit.o ABSOLUTE
    ../clib/signal.c                         0x00000000   Number         0  defsig_rtmem_inner.o ABSOLUTE
    ../clib/signal.c                         0x00000000   Number         0  __raise.o ABSOLUTE
    ../clib/signal.c                         0x00000000   Number         0  defsig_general.o ABSOLUTE
    ../clib/signal.c                         0x00000000   Number         0  defsig_abrt_inner.o ABSOLUTE
    ../clib/signal.c                         0x00000000   Number         0  defsig_fpe_inner.o ABSOLUTE
    ../clib/signal.c                         0x00000000   Number         0  defsig_rtred_inner.o ABSOLUTE
    ../clib/signal.c                         0x00000000   Number         0  defsig_stak_inner.o ABSOLUTE
    ../clib/signal.c                         0x00000000   Number         0  defsig_pvfn_inner.o ABSOLUTE
    ../clib/signal.c                         0x00000000   Number         0  defsig_cppl_inner.o ABSOLUTE
    ../clib/signal.c                         0x00000000   Number         0  defsig_segv_inner.o ABSOLUTE
    ../clib/signal.c                         0x00000000   Number         0  defsig_other.o ABSOLUTE
    ../clib/signal.s                         0x00000000   Number         0  defsig.o ABSOLUTE
    ../clib/stdlib.c                         0x00000000   Number         0  exit.o ABSOLUTE
    ../fplib/fpinit.s                        0x00000000   Number         0  fpinit.o ABSOLUTE
    ../fplib/istatus.s                       0x00000000   Number         0  istatus.o ABSOLUTE
    ../fplib/printf1.s                       0x00000000   Number         0  printf1.o ABSOLUTE
    ../fplib/printf2.s                       0x00000000   Number         0  printf2.o ABSOLUTE
    ../fplib/printf2a.s                      0x00000000   Number         0  printf2a.o ABSOLUTE
    ../fplib/printf2b.s                      0x00000000   Number         0  printf2b.o ABSOLUTE
    ../fplib/usenofp.s                       0x00000000   Number         0  usenofp.o ABSOLUTE
    ../mathlib/fpclassify.c                  0x00000000   Number         0  fpclassify.o ABSOLUTE
    adc.c                                    0x00000000   Number         0  adc.o ABSOLUTE
    dc.s                                     0x00000000   Number         0  dc.o ABSOLUTE
    gpio.c                                   0x00000000   Number         0  gpio.o ABSOLUTE
    interrupt.c                              0x00000000   Number         0  interrupt.o ABSOLUTE
    keyboard.c                               0x00000000   Number         0  keyboard.o ABSOLUTE
    lcd.c                                    0x00000000   Number         0  lcd.o ABSOLUTE
    main.c                                   0x00000000   Number         0  main.o ABSOLUTE
    startup.s                                0x00000000   Number         0  startup.o ABSOLUTE
    state_0.c                                0x00000000   Number         0  state_0.o ABSOLUTE
    state_1.c                                0x00000000   Number         0  state_1.o ABSOLUTE
    state_2a.c                               0x00000000   Number         0  state_2a.o ABSOLUTE
    state_2b.c                               0x00000000   Number         0  state_2b.o ABSOLUTE
    state_3b.c                               0x00000000   Number         0  state_3b.o ABSOLUTE
    timer.c                                  0x00000000   Number         0  timer.o ABSOLUTE
    utils.s                                  0x00000000   Number         0  utils.o ABSOLUTE
    RESET                                    0x00000000   Section      560  startup.o(RESET)
    $v0                                      0x00000208   Number         0  startup.o(RESET)
    !!!main                                  0x00000230   Section        8  __main.o(!!!main)
    !!!scatter                               0x00000238   Section       92  __scatter.o(!!!scatter)
    !!handler_copy                           0x00000294   Section       26  __scatter_copy.o(!!handler_copy)
    !!handler_null                           0x000002b0   Section        2  __scatter.o(!!handler_null)
    !!handler_zi                             0x000002b4   Section       28  __scatter_zi.o(!!handler_zi)
    .ARM.Collect$$_printf_percent$$00000000  0x000002d0   Section        0  _printf_percent.o(.ARM.Collect$$_printf_percent$$00000000)
    .ARM.Collect$$_printf_percent$$00000001  0x000002d0   Section        6  _printf_n.o(.ARM.Collect$$_printf_percent$$00000001)
    .ARM.Collect$$_printf_percent$$00000002  0x000002d6   Section        6  _printf_p.o(.ARM.Collect$$_printf_percent$$00000002)
    .ARM.Collect$$_printf_percent$$00000003  0x000002dc   Section        6  _printf_f.o(.ARM.Collect$$_printf_percent$$00000003)
    .ARM.Collect$$_printf_percent$$00000004  0x000002e2   Section        6  _printf_e.o(.ARM.Collect$$_printf_percent$$00000004)
    .ARM.Collect$$_printf_percent$$00000005  0x000002e8   Section        6  _printf_g.o(.ARM.Collect$$_printf_percent$$00000005)
    .ARM.Collect$$_printf_percent$$00000006  0x000002ee   Section        6  _printf_a.o(.ARM.Collect$$_printf_percent$$00000006)
    .ARM.Collect$$_printf_percent$$00000007  0x000002f4   Section       10  _printf_ll.o(.ARM.Collect$$_printf_percent$$00000007)
    .ARM.Collect$$_printf_percent$$00000008  0x000002fe   Section        6  _printf_i.o(.ARM.Collect$$_printf_percent$$00000008)
    .ARM.Collect$$_printf_percent$$00000009  0x00000304   Section        6  _printf_d.o(.ARM.Collect$$_printf_percent$$00000009)
    .ARM.Collect$$_printf_percent$$0000000A  0x0000030a   Section        6  _printf_u.o(.ARM.Collect$$_printf_percent$$0000000A)
    .ARM.Collect$$_printf_percent$$0000000B  0x00000310   Section        6  _printf_o.o(.ARM.Collect$$_printf_percent$$0000000B)
    .ARM.Collect$$_printf_percent$$0000000C  0x00000316   Section        6  _printf_x.o(.ARM.Collect$$_printf_percent$$0000000C)
    .ARM.Collect$$_printf_percent$$0000000D  0x0000031c   Section        6  _printf_lli.o(.ARM.Collect$$_printf_percent$$0000000D)
    .ARM.Collect$$_printf_percent$$0000000E  0x00000322   Section        6  _printf_lld.o(.ARM.Collect$$_printf_percent$$0000000E)
    .ARM.Collect$$_printf_percent$$0000000F  0x00000328   Section        6  _printf_llu.o(.ARM.Collect$$_printf_percent$$0000000F)
    .ARM.Collect$$_printf_percent$$00000010  0x0000032e   Section        6  _printf_llo.o(.ARM.Collect$$_printf_percent$$00000010)
    .ARM.Collect$$_printf_percent$$00000011  0x00000334   Section        6  _printf_llx.o(.ARM.Collect$$_printf_percent$$00000011)
    .ARM.Collect$$_printf_percent$$00000012  0x0000033a   Section       10  _printf_l.o(.ARM.Collect$$_printf_percent$$00000012)
    .ARM.Collect$$_printf_percent$$00000013  0x00000344   Section        6  _printf_c.o(.ARM.Collect$$_printf_percent$$00000013)
    .ARM.Collect$$_printf_percent$$00000014  0x0000034a   Section        6  _printf_s.o(.ARM.Collect$$_printf_percent$$00000014)
    .ARM.Collect$$_printf_percent$$00000015  0x00000350   Section        6  _printf_lc.o(.ARM.Collect$$_printf_percent$$00000015)
    .ARM.Collect$$_printf_percent$$00000016  0x00000356   Section        6  _printf_ls.o(.ARM.Collect$$_printf_percent$$00000016)
    .ARM.Collect$$_printf_percent$$00000017  0x0000035c   Section        4  _printf_percent_end.o(.ARM.Collect$$_printf_percent$$00000017)
    .ARM.Collect$$libinit$$00000000          0x00000360   Section        2  libinit.o(.ARM.Collect$$libinit$$00000000)
    .ARM.Collect$$libinit$$00000001          0x00000362   Section        4  libinit2.o(.ARM.Collect$$libinit$$00000001)
    .ARM.Collect$$libinit$$00000004          0x00000366   Section        0  libinit2.o(.ARM.Collect$$libinit$$00000004)
    .ARM.Collect$$libinit$$00000006          0x00000366   Section        0  libinit2.o(.ARM.Collect$$libinit$$00000006)
    .ARM.Collect$$libinit$$0000000C          0x00000366   Section        0  libinit2.o(.ARM.Collect$$libinit$$0000000C)
    .ARM.Collect$$libinit$$0000000E          0x00000366   Section        0  libinit2.o(.ARM.Collect$$libinit$$0000000E)
    .ARM.Collect$$libinit$$00000010          0x00000366   Section        0  libinit2.o(.ARM.Collect$$libinit$$00000010)
    .ARM.Collect$$libinit$$00000011          0x00000366   Section        6  libinit2.o(.ARM.Collect$$libinit$$00000011)
    .ARM.Collect$$libinit$$00000013          0x0000036c   Section        0  libinit2.o(.ARM.Collect$$libinit$$00000013)
    .ARM.Collect$$libinit$$00000014          0x0000036c   Section       12  libinit2.o(.ARM.Collect$$libinit$$00000014)
    .ARM.Collect$$libinit$$00000015          0x00000378   Section        0  libinit2.o(.ARM.Collect$$libinit$$00000015)
    .ARM.Collect$$libinit$$00000017          0x00000378   Section        0  libinit2.o(.ARM.Collect$$libinit$$00000017)
    .ARM.Collect$$libinit$$00000018          0x00000378   Section       10  libinit2.o(.ARM.Collect$$libinit$$00000018)
    .ARM.Collect$$libinit$$00000019          0x00000382   Section        0  libinit2.o(.ARM.Collect$$libinit$$00000019)
    .ARM.Collect$$libinit$$0000001B          0x00000382   Section        0  libinit2.o(.ARM.Collect$$libinit$$0000001B)
    .ARM.Collect$$libinit$$0000001D          0x00000382   Section        0  libinit2.o(.ARM.Collect$$libinit$$0000001D)
    .ARM.Collect$$libinit$$0000001F          0x00000382   Section        0  libinit2.o(.ARM.Collect$$libinit$$0000001F)
    .ARM.Collect$$libinit$$00000021          0x00000382   Section        0  libinit2.o(.ARM.Collect$$libinit$$00000021)
    .ARM.Collect$$libinit$$00000023          0x00000382   Section        0  libinit2.o(.ARM.Collect$$libinit$$00000023)
    .ARM.Collect$$libinit$$00000025          0x00000382   Section        0  libinit2.o(.ARM.Collect$$libinit$$00000025)
    .ARM.Collect$$libinit$$00000027          0x00000382   Section        0  libinit2.o(.ARM.Collect$$libinit$$00000027)
    .ARM.Collect$$libinit$$0000002E          0x00000382   Section        0  libinit2.o(.ARM.Collect$$libinit$$0000002E)
    .ARM.Collect$$libinit$$00000030          0x00000382   Section        0  libinit2.o(.ARM.Collect$$libinit$$00000030)
    .ARM.Collect$$libinit$$00000032          0x00000382   Section        0  libinit2.o(.ARM.Collect$$libinit$$00000032)
    .ARM.Collect$$libinit$$00000034          0x00000382   Section        0  libinit2.o(.ARM.Collect$$libinit$$00000034)
    .ARM.Collect$$libinit$$00000035          0x00000382   Section        2  libinit2.o(.ARM.Collect$$libinit$$00000035)
    .ARM.Collect$$libshutdown$$00000000      0x00000384   Section        2  libshutdown.o(.ARM.Collect$$libshutdown$$00000000)
    .ARM.Collect$$libshutdown$$00000002      0x00000386   Section        0  libshutdown2.o(.ARM.Collect$$libshutdown$$00000002)
    .ARM.Collect$$libshutdown$$00000004      0x00000386   Section        0  libshutdown2.o(.ARM.Collect$$libshutdown$$00000004)
    .ARM.Collect$$libshutdown$$00000007      0x00000386   Section        0  libshutdown2.o(.ARM.Collect$$libshutdown$$00000007)
    .ARM.Collect$$libshutdown$$0000000A      0x00000386   Section        0  libshutdown2.o(.ARM.Collect$$libshutdown$$0000000A)
    .ARM.Collect$$libshutdown$$0000000C      0x00000386   Section        0  libshutdown2.o(.ARM.Collect$$libshutdown$$0000000C)
    .ARM.Collect$$libshutdown$$0000000F      0x00000386   Section        0  libshutdown2.o(.ARM.Collect$$libshutdown$$0000000F)
    .ARM.Collect$$libshutdown$$00000010      0x00000386   Section        2  libshutdown2.o(.ARM.Collect$$libshutdown$$00000010)
    .ARM.Collect$$rtentry$$00000000          0x00000388   Section        0  __rtentry.o(.ARM.Collect$$rtentry$$00000000)
    .ARM.Collect$$rtentry$$00000002          0x00000388   Section        0  __rtentry2.o(.ARM.Collect$$rtentry$$00000002)
    .ARM.Collect$$rtentry$$00000004          0x00000388   Section        6  __rtentry4.o(.ARM.Collect$$rtentry$$00000004)
    .ARM.Collect$$rtentry$$00000009          0x0000038e   Section        0  __rtentry2.o(.ARM.Collect$$rtentry$$00000009)
    .ARM.Collect$$rtentry$$0000000A          0x0000038e   Section        4  __rtentry2.o(.ARM.Collect$$rtentry$$0000000A)
    .ARM.Collect$$rtentry$$0000000C          0x00000392   Section        0  __rtentry2.o(.ARM.Collect$$rtentry$$0000000C)
    .ARM.Collect$$rtentry$$0000000D          0x00000392   Section        8  __rtentry2.o(.ARM.Collect$$rtentry$$0000000D)
    .ARM.Collect$$rtexit$$00000000           0x0000039a   Section        2  rtexit.o(.ARM.Collect$$rtexit$$00000000)
    .ARM.Collect$$rtexit$$00000002           0x0000039c   Section        0  rtexit2.o(.ARM.Collect$$rtexit$$00000002)
    .ARM.Collect$$rtexit$$00000003           0x0000039c   Section        4  rtexit2.o(.ARM.Collect$$rtexit$$00000003)
    .ARM.Collect$$rtexit$$00000004           0x000003a0   Section        6  rtexit2.o(.ARM.Collect$$rtexit$$00000004)
    $v0                                      0x000003a8   Number         0  startup.o(.text)
    .text                                    0x000003a8   Section       48  startup.o(.text)
    $v0                                      0x000003d8   Number         0  utils.o(.text)
    .text                                    0x000003d8   Section      484  utils.o(.text)
    .text                                    0x000005bc   Section        0  snprintf.o(.text)
    .text                                    0x000005fc   Section        0  heapauxi.o(.text)
    .text                                    0x00000602   Section        0  _printf_pad.o(.text)
    .text                                    0x00000650   Section        0  _printf_truncate.o(.text)
    .text                                    0x00000674   Section        0  _printf_str.o(.text)
    .text                                    0x000006c8   Section        0  _printf_dec.o(.text)
    .text                                    0x00000740   Section        0  _printf_charcount.o(.text)
    _printf_input_char                       0x00000769   Thumb Code    10  _printf_char_common.o(.text)
    .text                                    0x00000768   Section        0  _printf_char_common.o(.text)
    .text                                    0x00000798   Section        0  _snputc.o(.text)
    .text                                    0x000007a8   Section        0  _printf_wctomb.o(.text)
    .text                                    0x00000864   Section        0  _printf_longlong_dec.o(.text)
    _printf_longlong_oct_internal            0x000008e1   Thumb Code     0  _printf_oct_int_ll.o(.text)
    .text                                    0x000008e0   Section        0  _printf_oct_int_ll.o(.text)
    _printf_hex_common                       0x00000951   Thumb Code     0  _printf_hex_int_ll_ptr.o(.text)
    .text                                    0x00000950   Section        0  _printf_hex_int_ll_ptr.o(.text)
    .text                                    0x000009e4   Section        0  __printf_flags_ss_wp.o(.text)
    .text                                    0x00000b6c   Section      138  lludiv10.o(.text)
    .text                                    0x00000bf6   Section        0  _printf_intcommon.o(.text)
    _fp_digits                               0x00000ca9   Thumb Code   432  _printf_fp_dec.o(.text)
    .text                                    0x00000ca8   Section        0  _printf_fp_dec.o(.text)
    .text                                    0x000010c4   Section        0  _printf_fp_hex.o(.text)
    .text                                    0x000013c0   Section        0  _printf_char.o(.text)
    .text                                    0x000013ec   Section        0  _printf_wchar.o(.text)
    .text                                    0x00001418   Section        0  _c16rtomb.o(.text)
    .text                                    0x00001460   Section       74  sys_stackheap_outer.o(.text)
    .text                                    0x000014ac   Section       16  rt_ctype_table.o(.text)
    .text                                    0x000014bc   Section        8  rt_locale_intlibspace.o(.text)
    .text                                    0x000014c4   Section        0  _printf_fp_infnan.o(.text)
    .text                                    0x00001544   Section        0  bigflt0.o(.text)
    .text                                    0x00001628   Section        0  exit.o(.text)
    .text                                    0x0000163c   Section        8  libspace.o(.text)
    .text                                    0x00001648   Section      124  strcmpv7em.o(.text)
    .text                                    0x000016c4   Section        0  sys_exit.o(.text)
    .text                                    0x000016d0   Section        2  use_no_semi.o(.text)
    .text                                    0x000016d2   Section        0  indicate_semi.o(.text)
    [Anonymous Symbol]                       0x000016d4   Section        0  interrupt.o(.text.GPIOPortJ_Handler)
    [Anonymous Symbol]                       0x00001754   Section        0  timer.o(.text.Timer2A_Handler)
    [Anonymous Symbol]                       0x00001bd8   Section        0  adc.o(.text.adc_setup)
    [Anonymous Symbol]                       0x00001c44   Section        0  lcd.o(.text.break_line)
    [Anonymous Symbol]                       0x00001ca4   Section        0  gpio.o(.text.gpio_setup)
    [Anonymous Symbol]                       0x00001e10   Section        0  interrupt.o(.text.interrupt_setup)
    [Anonymous Symbol]                       0x00001e64   Section        0  lcd.o(.text.lcd_print_partial_string)
    [Anonymous Symbol]                       0x00001eb0   Section        0  lcd.o(.text.lcd_print_string)
    [Anonymous Symbol]                       0x00001f34   Section        0  lcd.o(.text.lcd_setup)
    [Anonymous Symbol]                       0x00001fdc   Section        0  main.o(.text.main)
    [Anonymous Symbol]                       0x00002100   Section        0  adc.o(.text.potenciometer_analog_read)
    [Anonymous Symbol]                       0x00002144   Section        0  lcd.o(.text.print_motor_info_keyboard)
    [Anonymous Symbol]                       0x000021a4   Section        0  lcd.o(.text.print_motor_info_potentiometer)
    [Anonymous Symbol]                       0x0000220c   Section        0  keyboard.o(.text.read_keyboard)
    [Anonymous Symbol]                       0x000024a0   Section        0  state_0.o(.text.state_0)
    [Anonymous Symbol]                       0x000024d8   Section        0  state_1.o(.text.state_1)
    [Anonymous Symbol]                       0x0000251c   Section        0  state_2a.o(.text.state_2a)
    [Anonymous Symbol]                       0x00002568   Section        0  state_2b.o(.text.state_2b)
    [Anonymous Symbol]                       0x00002634   Section        0  state_3b.o(.text.state_3b)
    [Anonymous Symbol]                       0x000026bc   Section        0  timer.o(.text.timer_setup)
    CL$$btod_d2e                             0x00002744   Section       62  btod.o(CL$$btod_d2e)
    CL$$btod_d2e_denorm_low                  0x00002782   Section       70  btod.o(CL$$btod_d2e_denorm_low)
    CL$$btod_d2e_norm_op1                    0x000027c8   Section       96  btod.o(CL$$btod_d2e_norm_op1)
    CL$$btod_div_common                      0x00002828   Section      824  btod.o(CL$$btod_div_common)
    CL$$btod_e2e                             0x00002b60   Section      220  btod.o(CL$$btod_e2e)
    CL$$btod_ediv                            0x00002c3c   Section       42  btod.o(CL$$btod_ediv)
    CL$$btod_emul                            0x00002c66   Section       42  btod.o(CL$$btod_emul)
    CL$$btod_mult_common                     0x00002c90   Section      580  btod.o(CL$$btod_mult_common)
    i.__ARM_fpclassify                       0x00002ed4   Section        0  fpclassify.o(i.__ARM_fpclassify)
    i._is_digit                              0x00002f04   Section        0  __printf_wp.o(i._is_digit)
    locale$$code                             0x00002f14   Section       44  lc_numeric_c.o(locale$$code)
    locale$$code                             0x00002f40   Section       44  lc_ctype_c.o(locale$$code)
    $v0                                      0x00002f6c   Number         0  fpinit.o(x$fpl$fpinit)
    x$fpl$fpinit                             0x00002f6c   Section       26  fpinit.o(x$fpl$fpinit)
    $v0                                      0x00002f86   Number         0  printf1.o(x$fpl$printf1)
    x$fpl$printf1                            0x00002f86   Section        4  printf1.o(x$fpl$printf1)
    $v0                                      0x00002f8a   Number         0  printf2.o(x$fpl$printf2)
    x$fpl$printf2                            0x00002f8a   Section        4  printf2.o(x$fpl$printf2)
    x$fpl$usenofp                            0x00002f8e   Section        0  usenofp.o(x$fpl$usenofp)
    initial_mbstate                          0x00002f90   Data           8  _printf_wctomb.o(.constdata)
    .constdata                               0x00002f90   Section        8  _printf_wctomb.o(.constdata)
    uc_hextab                                0x00002f98   Data          20  _printf_hex_int_ll_ptr.o(.constdata)
    .constdata                               0x00002f98   Section       40  _printf_hex_int_ll_ptr.o(.constdata)
    lc_hextab                                0x00002fac   Data          20  _printf_hex_int_ll_ptr.o(.constdata)
    maptable                                 0x00002fc0   Data          17  __printf_flags_ss_wp.o(.constdata)
    .constdata                               0x00002fc0   Section       17  __printf_flags_ss_wp.o(.constdata)
    lc_hextab                                0x00002fd1   Data          19  _printf_fp_hex.o(.constdata)
    .constdata                               0x00002fd1   Section       38  _printf_fp_hex.o(.constdata)
    uc_hextab                                0x00002fe4   Data          19  _printf_fp_hex.o(.constdata)
    tenpwrs_x                                0x00002ff8   Data          60  bigflt0.o(.constdata)
    .constdata                               0x00002ff8   Section      148  bigflt0.o(.constdata)
    tenpwrs_i                                0x00003034   Data          64  bigflt0.o(.constdata)
    .L.str                                   0x0000308c   Data          16  timer.o(.rodata.str1.1)
    .L.str                                   0x0000308c   Data          16  timer.o(.rodata.str1.1)
    [Anonymous Symbol]                       0x0000308c   Section        0  timer.o(.rodata.str1.1)
    .L.str                                   0x0000309c   Data          13  state_0.o(.rodata.str1.1)
    [Anonymous Symbol]                       0x0000309c   Section        0  state_0.o(.rodata.str1.1)
    .L.str.1                                 0x000030a9   Data          14  lcd.o(.rodata.str1.1)
    [Anonymous Symbol]                       0x000030a9   Section        0  lcd.o(.rodata.str1.1)
    .L.str                                   0x000030ae   Data           9  lcd.o(.rodata.str1.1)
    .L.str.2                                 0x000030b7   Data           3  lcd.o(.rodata.str1.1)
    .L.str                                   0x000030ba   Data          17  state_1.o(.rodata.str1.1)
    [Anonymous Symbol]                       0x000030ba   Section        0  state_1.o(.rodata.str1.1)
    locale$$data                             0x000030ec   Section       28  lc_numeric_c.o(locale$$data)
    __lcnum_c_name                           0x000030f0   Data           2  lc_numeric_c.o(locale$$data)
    __lcnum_c_start                          0x000030f8   Data           0  lc_numeric_c.o(locale$$data)
    __lcnum_c_point                          0x00003104   Data           0  lc_numeric_c.o(locale$$data)
    __lcnum_c_thousands                      0x00003106   Data           0  lc_numeric_c.o(locale$$data)
    __lcnum_c_grouping                       0x00003107   Data           0  lc_numeric_c.o(locale$$data)
    __lcnum_c_end                            0x00003108   Data           0  lc_numeric_c.o(locale$$data)
    locale$$data                             0x00003108   Section      272  lc_ctype_c.o(locale$$data)
    __lcctype_c_name                         0x0000310c   Data           2  lc_ctype_c.o(locale$$data)
    __lcctype_c_start                        0x00003114   Data           0  lc_ctype_c.o(locale$$data)
    __lcctype_c_end                          0x00003218   Data           0  lc_ctype_c.o(locale$$data)
    .bss                                     0x20000008   Section       96  libspace.o(.bss)
    HeapMem                                  0x20000078   Data           0  startup.o(HEAP)
    StackMem                                 0x20000078   Data           0  startup.o(STACK)
    HEAP                                     0x20000078   Section        0  startup.o(HEAP)
    STACK                                    0x20000078   Section     1024  startup.o(STACK)

    Global Symbols

    Symbol Name                              Value     Ov Type        Size  Object(Section)

    BuildAttributes$$THM_ISAv4$E$P$D$K$B$S$7EM$VFPi3$EXTD16$VFPS$VFMA$PE$A:L22UL41UL21$X:L11$S22US41US21$IEEE1$IW$~IW$USESV6$~STKCKD$USESV7$~SHL$OTIME$ROPI$IEEEJ$EBA8$UX$STANDARDLIB$REQ8$PRES8$EABIv2 0x00000000   Number         0  anon$$obj.o ABSOLUTE
    __Vectors                                0x00000000   Data           0  startup.o(RESET)
    _printf_flags                            0x00000000   Number         0  printf_stubs.o ABSOLUTE
    _printf_return_value                     0x00000000   Number         0  printf_stubs.o ABSOLUTE
    _printf_sizespec                         0x00000000   Number         0  printf_stubs.o ABSOLUTE
    _printf_widthprec                        0x00000000   Number         0  printf_stubs.o ABSOLUTE
    __ARM_exceptions_init                     - Undefined Weak Reference
    __alloca_initialize                       - Undefined Weak Reference
    __arm_preinit_                            - Undefined Weak Reference
    __arm_relocate_pie_                       - Undefined Weak Reference
    __cpp_initialize__aeabi_                  - Undefined Weak Reference
    __cxa_finalize                            - Undefined Weak Reference
    __sigvec_lookup                           - Undefined Weak Reference
    _atexit_init                              - Undefined Weak Reference
    _call_atexit_fns                          - Undefined Weak Reference
    _clock_init                               - Undefined Weak Reference
    _fp_trap_init                             - Undefined Weak Reference
    _fp_trap_shutdown                         - Undefined Weak Reference
    _get_lc_collate                           - Undefined Weak Reference
    _get_lc_monetary                          - Undefined Weak Reference
    _get_lc_time                              - Undefined Weak Reference
    _getenv_init                              - Undefined Weak Reference
    _handle_redirection                       - Undefined Weak Reference
    _init_alloc                               - Undefined Weak Reference
    _init_user_alloc                          - Undefined Weak Reference
    _initio                                   - Undefined Weak Reference
    _printf_mbtowc                            - Undefined Weak Reference
    _printf_wc                                - Undefined Weak Reference
    _rand_init                                - Undefined Weak Reference
    _signal_finish                            - Undefined Weak Reference
    _signal_init                              - Undefined Weak Reference
    _terminate_alloc                          - Undefined Weak Reference
    _terminate_user_alloc                     - Undefined Weak Reference
    _terminateio                              - Undefined Weak Reference
    Reset_Handler                            0x00000209   Thumb Code     0  startup.o(RESET)
    NMI_Handler                              0x0000021d   Thumb Code     2  startup.o(RESET)
    HardFault_Handler                        0x0000021f   Thumb Code     2  startup.o(RESET)
    MemManage_Handler                        0x00000221   Thumb Code     2  startup.o(RESET)
    BusFault_Handler                         0x00000223   Thumb Code     2  startup.o(RESET)
    UsageFault_Handler                       0x00000225   Thumb Code     2  startup.o(RESET)
    SVC_Handler                              0x00000227   Thumb Code     2  startup.o(RESET)
    DebugMon_Handler                         0x00000229   Thumb Code     2  startup.o(RESET)
    PendSV_Handler                           0x0000022b   Thumb Code     2  startup.o(RESET)
    SysTick_Handler                          0x0000022d   Thumb Code     2  startup.o(RESET)
    ADC0Seq0_Handler                         0x0000022f   Thumb Code     0  startup.o(RESET)
    ADC0Seq1_Handler                         0x0000022f   Thumb Code     0  startup.o(RESET)
    ADC0Seq2_Handler                         0x0000022f   Thumb Code     0  startup.o(RESET)
    ADC0Seq3_Handler                         0x0000022f   Thumb Code     0  startup.o(RESET)
    ADC1Seq0_Handler                         0x0000022f   Thumb Code     0  startup.o(RESET)
    ADC1Seq1_Handler                         0x0000022f   Thumb Code     0  startup.o(RESET)
    ADC1Seq2_Handler                         0x0000022f   Thumb Code     0  startup.o(RESET)
    ADC1Seq3_Handler                         0x0000022f   Thumb Code     0  startup.o(RESET)
    CAN0_Handler                             0x0000022f   Thumb Code     0  startup.o(RESET)
    CAN1_Handler                             0x0000022f   Thumb Code     0  startup.o(RESET)
    Comp0_Handler                            0x0000022f   Thumb Code     0  startup.o(RESET)
    Comp1_Handler                            0x0000022f   Thumb Code     0  startup.o(RESET)
    Comp2_Handler                            0x0000022f   Thumb Code     0  startup.o(RESET)
    Ethernet_Handler                         0x0000022f   Thumb Code     0  startup.o(RESET)
    ExtBus_Handler                           0x0000022f   Thumb Code     0  startup.o(RESET)
    FPU_Handler                              0x0000022f   Thumb Code     0  startup.o(RESET)
    FlashCtl_Handler                         0x0000022f   Thumb Code     0  startup.o(RESET)
    GPIOPortA_Handler                        0x0000022f   Thumb Code     0  startup.o(RESET)
    GPIOPortB_Handler                        0x0000022f   Thumb Code     0  startup.o(RESET)
    GPIOPortC_Handler                        0x0000022f   Thumb Code     0  startup.o(RESET)
    GPIOPortD_Handler                        0x0000022f   Thumb Code     0  startup.o(RESET)
    GPIOPortE_Handler                        0x0000022f   Thumb Code     0  startup.o(RESET)
    GPIOPortF_Handler                        0x0000022f   Thumb Code     0  startup.o(RESET)
    GPIOPortG_Handler                        0x0000022f   Thumb Code     0  startup.o(RESET)
    GPIOPortH_Handler                        0x0000022f   Thumb Code     0  startup.o(RESET)
    GPIOPortK_Handler                        0x0000022f   Thumb Code     0  startup.o(RESET)
    GPIOPortL_Handler                        0x0000022f   Thumb Code     0  startup.o(RESET)
    GPIOPortM_Handler                        0x0000022f   Thumb Code     0  startup.o(RESET)
    GPIOPortN_Handler                        0x0000022f   Thumb Code     0  startup.o(RESET)
    GPIOPortP1_Handler                       0x0000022f   Thumb Code     0  startup.o(RESET)
    GPIOPortP2_Handler                       0x0000022f   Thumb Code     0  startup.o(RESET)
    GPIOPortP3_Handler                       0x0000022f   Thumb Code     0  startup.o(RESET)
    GPIOPortP4_Handler                       0x0000022f   Thumb Code     0  startup.o(RESET)
    GPIOPortP5_Handler                       0x0000022f   Thumb Code     0  startup.o(RESET)
    GPIOPortP6_Handler                       0x0000022f   Thumb Code     0  startup.o(RESET)
    GPIOPortP7_Handler                       0x0000022f   Thumb Code     0  startup.o(RESET)
    GPIOPortP_Handler                        0x0000022f   Thumb Code     0  startup.o(RESET)
    GPIOPortQ1_Handler                       0x0000022f   Thumb Code     0  startup.o(RESET)
    GPIOPortQ2_Handler                       0x0000022f   Thumb Code     0  startup.o(RESET)
    GPIOPortQ3_Handler                       0x0000022f   Thumb Code     0  startup.o(RESET)
    GPIOPortQ4_Handler                       0x0000022f   Thumb Code     0  startup.o(RESET)
    GPIOPortQ5_Handler                       0x0000022f   Thumb Code     0  startup.o(RESET)
    GPIOPortQ6_Handler                       0x0000022f   Thumb Code     0  startup.o(RESET)
    GPIOPortQ7_Handler                       0x0000022f   Thumb Code     0  startup.o(RESET)
    GPIOPortQ_Handler                        0x0000022f   Thumb Code     0  startup.o(RESET)
    Hibernate_Handler                        0x0000022f   Thumb Code     0  startup.o(RESET)
    I2C0_Handler                             0x0000022f   Thumb Code     0  startup.o(RESET)
    I2C1_Handler                             0x0000022f   Thumb Code     0  startup.o(RESET)
    I2C2_Handler                             0x0000022f   Thumb Code     0  startup.o(RESET)
    I2C3_Handler                             0x0000022f   Thumb Code     0  startup.o(RESET)
    I2C4_Handler                             0x0000022f   Thumb Code     0  startup.o(RESET)
    I2C5_Handler                             0x0000022f   Thumb Code     0  startup.o(RESET)
    I2C6_Handler                             0x0000022f   Thumb Code     0  startup.o(RESET)
    I2C7_Handler                             0x0000022f   Thumb Code     0  startup.o(RESET)
    I2C8_Handler                             0x0000022f   Thumb Code     0  startup.o(RESET)
    I2C9_Handler                             0x0000022f   Thumb Code     0  startup.o(RESET)
    PWM0Fault_Handler                        0x0000022f   Thumb Code     0  startup.o(RESET)
    PWM0Generator0_Handler                   0x0000022f   Thumb Code     0  startup.o(RESET)
    PWM0Generator1_Handler                   0x0000022f   Thumb Code     0  startup.o(RESET)
    PWM0Generator2_Handler                   0x0000022f   Thumb Code     0  startup.o(RESET)
    PWM0Generator3_Handler                   0x0000022f   Thumb Code     0  startup.o(RESET)
    Quadrature0_Handler                      0x0000022f   Thumb Code     0  startup.o(RESET)
    SSI0_Handler                             0x0000022f   Thumb Code     0  startup.o(RESET)
    SSI1_Handler                             0x0000022f   Thumb Code     0  startup.o(RESET)
    SSI2_Handler                             0x0000022f   Thumb Code     0  startup.o(RESET)
    SSI3_Handler                             0x0000022f   Thumb Code     0  startup.o(RESET)
    SysCtl_Handler                           0x0000022f   Thumb Code     0  startup.o(RESET)
    Tamper_Handler                           0x0000022f   Thumb Code     0  startup.o(RESET)
    Timer0A_Handler                          0x0000022f   Thumb Code     0  startup.o(RESET)
    Timer0B_Handler                          0x0000022f   Thumb Code     0  startup.o(RESET)
    Timer1A_Handler                          0x0000022f   Thumb Code     0  startup.o(RESET)
    Timer1B_Handler                          0x0000022f   Thumb Code     0  startup.o(RESET)
    Timer2B_Handler                          0x0000022f   Thumb Code     0  startup.o(RESET)
    Timer3A_Handler                          0x0000022f   Thumb Code     0  startup.o(RESET)
    Timer3B_Handler                          0x0000022f   Thumb Code     0  startup.o(RESET)
    Timer4A_Handler                          0x0000022f   Thumb Code     0  startup.o(RESET)
    Timer4B_Handler                          0x0000022f   Thumb Code     0  startup.o(RESET)
    Timer5A_Handler                          0x0000022f   Thumb Code     0  startup.o(RESET)
    Timer5B_Handler                          0x0000022f   Thumb Code     0  startup.o(RESET)
    Timer6A_Handler                          0x0000022f   Thumb Code     0  startup.o(RESET)
    Timer6B_Handler                          0x0000022f   Thumb Code     0  startup.o(RESET)
    Timer7A_Handler                          0x0000022f   Thumb Code     0  startup.o(RESET)
    Timer7B_Handler                          0x0000022f   Thumb Code     0  startup.o(RESET)
    UART0_Handler                            0x0000022f   Thumb Code     0  startup.o(RESET)
    UART1_Handler                            0x0000022f   Thumb Code     0  startup.o(RESET)
    UART2_Handler                            0x0000022f   Thumb Code     0  startup.o(RESET)
    UART3_Handler                            0x0000022f   Thumb Code     0  startup.o(RESET)
    UART4_Handler                            0x0000022f   Thumb Code     0  startup.o(RESET)
    UART5_Handler                            0x0000022f   Thumb Code     0  startup.o(RESET)
    UART6_Handler                            0x0000022f   Thumb Code     0  startup.o(RESET)
    UART7_Handler                            0x0000022f   Thumb Code     0  startup.o(RESET)
    USB0_Handler                             0x0000022f   Thumb Code     0  startup.o(RESET)
    WDT_Handler                              0x0000022f   Thumb Code     0  startup.o(RESET)
    uDMA_Error                               0x0000022f   Thumb Code     0  startup.o(RESET)
    uDMA_Handler                             0x0000022f   Thumb Code     0  startup.o(RESET)
    __main                                   0x00000231   Thumb Code     8  __main.o(!!!main)
    __scatterload                            0x00000239   Thumb Code     0  __scatter.o(!!!scatter)
    __scatterload_rt2                        0x00000239   Thumb Code    84  __scatter.o(!!!scatter)
    __scatterload_rt2_thumb_only             0x00000239   Thumb Code     0  __scatter.o(!!!scatter)
    __scatterload_loop                       0x00000243   Thumb Code     0  __scatter.o(!!!scatter)
    __scatterload_copy                       0x00000295   Thumb Code    26  __scatter_copy.o(!!handler_copy)
    __scatterload_null                       0x000002b1   Thumb Code     2  __scatter.o(!!handler_null)
    __scatterload_zeroinit                   0x000002b5   Thumb Code    28  __scatter_zi.o(!!handler_zi)
    _printf_n                                0x000002d1   Thumb Code     0  _printf_n.o(.ARM.Collect$$_printf_percent$$00000001)
    _printf_percent                          0x000002d1   Thumb Code     0  _printf_percent.o(.ARM.Collect$$_printf_percent$$00000000)
    _printf_p                                0x000002d7   Thumb Code     0  _printf_p.o(.ARM.Collect$$_printf_percent$$00000002)
    _printf_f                                0x000002dd   Thumb Code     0  _printf_f.o(.ARM.Collect$$_printf_percent$$00000003)
    _printf_e                                0x000002e3   Thumb Code     0  _printf_e.o(.ARM.Collect$$_printf_percent$$00000004)
    _printf_g                                0x000002e9   Thumb Code     0  _printf_g.o(.ARM.Collect$$_printf_percent$$00000005)
    _printf_a                                0x000002ef   Thumb Code     0  _printf_a.o(.ARM.Collect$$_printf_percent$$00000006)
    _printf_ll                               0x000002f5   Thumb Code     0  _printf_ll.o(.ARM.Collect$$_printf_percent$$00000007)
    _printf_i                                0x000002ff   Thumb Code     0  _printf_i.o(.ARM.Collect$$_printf_percent$$00000008)
    _printf_d                                0x00000305   Thumb Code     0  _printf_d.o(.ARM.Collect$$_printf_percent$$00000009)
    _printf_u                                0x0000030b   Thumb Code     0  _printf_u.o(.ARM.Collect$$_printf_percent$$0000000A)
    _printf_o                                0x00000311   Thumb Code     0  _printf_o.o(.ARM.Collect$$_printf_percent$$0000000B)
    _printf_x                                0x00000317   Thumb Code     0  _printf_x.o(.ARM.Collect$$_printf_percent$$0000000C)
    _printf_lli                              0x0000031d   Thumb Code     0  _printf_lli.o(.ARM.Collect$$_printf_percent$$0000000D)
    _printf_lld                              0x00000323   Thumb Code     0  _printf_lld.o(.ARM.Collect$$_printf_percent$$0000000E)
    _printf_llu                              0x00000329   Thumb Code     0  _printf_llu.o(.ARM.Collect$$_printf_percent$$0000000F)
    _printf_llo                              0x0000032f   Thumb Code     0  _printf_llo.o(.ARM.Collect$$_printf_percent$$00000010)
    _printf_llx                              0x00000335   Thumb Code     0  _printf_llx.o(.ARM.Collect$$_printf_percent$$00000011)
    _printf_l                                0x0000033b   Thumb Code     0  _printf_l.o(.ARM.Collect$$_printf_percent$$00000012)
    _printf_c                                0x00000345   Thumb Code     0  _printf_c.o(.ARM.Collect$$_printf_percent$$00000013)
    _printf_s                                0x0000034b   Thumb Code     0  _printf_s.o(.ARM.Collect$$_printf_percent$$00000014)
    _printf_lc                               0x00000351   Thumb Code     0  _printf_lc.o(.ARM.Collect$$_printf_percent$$00000015)
    _printf_ls                               0x00000357   Thumb Code     0  _printf_ls.o(.ARM.Collect$$_printf_percent$$00000016)
    _printf_percent_end                      0x0000035d   Thumb Code     0  _printf_percent_end.o(.ARM.Collect$$_printf_percent$$00000017)
    __rt_lib_init                            0x00000361   Thumb Code     0  libinit.o(.ARM.Collect$$libinit$$00000000)
    __rt_lib_init_fp_1                       0x00000363   Thumb Code     0  libinit2.o(.ARM.Collect$$libinit$$00000001)
    __rt_lib_init_heap_1                     0x00000367   Thumb Code     0  libinit2.o(.ARM.Collect$$libinit$$0000000C)
    __rt_lib_init_lc_common                  0x00000367   Thumb Code     0  libinit2.o(.ARM.Collect$$libinit$$00000011)
    __rt_lib_init_preinit_1                  0x00000367   Thumb Code     0  libinit2.o(.ARM.Collect$$libinit$$00000006)
    __rt_lib_init_rand_1                     0x00000367   Thumb Code     0  libinit2.o(.ARM.Collect$$libinit$$00000010)
    __rt_lib_init_relocate_pie_1             0x00000367   Thumb Code     0  libinit2.o(.ARM.Collect$$libinit$$00000004)
    __rt_lib_init_user_alloc_1               0x00000367   Thumb Code     0  libinit2.o(.ARM.Collect$$libinit$$0000000E)
    __rt_lib_init_lc_collate_1               0x0000036d   Thumb Code     0  libinit2.o(.ARM.Collect$$libinit$$00000013)
    __rt_lib_init_lc_ctype_2                 0x0000036d   Thumb Code     0  libinit2.o(.ARM.Collect$$libinit$$00000014)
    __rt_lib_init_lc_ctype_1                 0x00000379   Thumb Code     0  libinit2.o(.ARM.Collect$$libinit$$00000015)
    __rt_lib_init_lc_monetary_1              0x00000379   Thumb Code     0  libinit2.o(.ARM.Collect$$libinit$$00000017)
    __rt_lib_init_lc_numeric_2               0x00000379   Thumb Code     0  libinit2.o(.ARM.Collect$$libinit$$00000018)
    __rt_lib_init_alloca_1                   0x00000383   Thumb Code     0  libinit2.o(.ARM.Collect$$libinit$$00000030)
    __rt_lib_init_argv_1                     0x00000383   Thumb Code     0  libinit2.o(.ARM.Collect$$libinit$$0000002E)
    __rt_lib_init_atexit_1                   0x00000383   Thumb Code     0  libinit2.o(.ARM.Collect$$libinit$$0000001D)
    __rt_lib_init_clock_1                    0x00000383   Thumb Code     0  libinit2.o(.ARM.Collect$$libinit$$00000023)
    __rt_lib_init_cpp_1                      0x00000383   Thumb Code     0  libinit2.o(.ARM.Collect$$libinit$$00000034)
    __rt_lib_init_exceptions_1               0x00000383   Thumb Code     0  libinit2.o(.ARM.Collect$$libinit$$00000032)
    __rt_lib_init_fp_trap_1                  0x00000383   Thumb Code     0  libinit2.o(.ARM.Collect$$libinit$$00000021)
    __rt_lib_init_getenv_1                   0x00000383   Thumb Code     0  libinit2.o(.ARM.Collect$$libinit$$00000025)
    __rt_lib_init_lc_numeric_1               0x00000383   Thumb Code     0  libinit2.o(.ARM.Collect$$libinit$$00000019)
    __rt_lib_init_lc_time_1                  0x00000383   Thumb Code     0  libinit2.o(.ARM.Collect$$libinit$$0000001B)
    __rt_lib_init_return                     0x00000383   Thumb Code     0  libinit2.o(.ARM.Collect$$libinit$$00000035)
    __rt_lib_init_signal_1                   0x00000383   Thumb Code     0  libinit2.o(.ARM.Collect$$libinit$$0000001F)
    __rt_lib_init_stdio_1                    0x00000383   Thumb Code     0  libinit2.o(.ARM.Collect$$libinit$$00000027)
    __rt_lib_shutdown                        0x00000385   Thumb Code     0  libshutdown.o(.ARM.Collect$$libshutdown$$00000000)
    __rt_lib_shutdown_cpp_1                  0x00000387   Thumb Code     0  libshutdown2.o(.ARM.Collect$$libshutdown$$00000002)
    __rt_lib_shutdown_fp_trap_1              0x00000387   Thumb Code     0  libshutdown2.o(.ARM.Collect$$libshutdown$$00000007)
    __rt_lib_shutdown_heap_1                 0x00000387   Thumb Code     0  libshutdown2.o(.ARM.Collect$$libshutdown$$0000000F)
    __rt_lib_shutdown_return                 0x00000387   Thumb Code     0  libshutdown2.o(.ARM.Collect$$libshutdown$$00000010)
    __rt_lib_shutdown_signal_1               0x00000387   Thumb Code     0  libshutdown2.o(.ARM.Collect$$libshutdown$$0000000A)
    __rt_lib_shutdown_stdio_1                0x00000387   Thumb Code     0  libshutdown2.o(.ARM.Collect$$libshutdown$$00000004)
    __rt_lib_shutdown_user_alloc_1           0x00000387   Thumb Code     0  libshutdown2.o(.ARM.Collect$$libshutdown$$0000000C)
    __rt_entry                               0x00000389   Thumb Code     0  __rtentry.o(.ARM.Collect$$rtentry$$00000000)
    __rt_entry_presh_1                       0x00000389   Thumb Code     0  __rtentry2.o(.ARM.Collect$$rtentry$$00000002)
    __rt_entry_sh                            0x00000389   Thumb Code     0  __rtentry4.o(.ARM.Collect$$rtentry$$00000004)
    __rt_entry_li                            0x0000038f   Thumb Code     0  __rtentry2.o(.ARM.Collect$$rtentry$$0000000A)
    __rt_entry_postsh_1                      0x0000038f   Thumb Code     0  __rtentry2.o(.ARM.Collect$$rtentry$$00000009)
    __rt_entry_main                          0x00000393   Thumb Code     0  __rtentry2.o(.ARM.Collect$$rtentry$$0000000D)
    __rt_entry_postli_1                      0x00000393   Thumb Code     0  __rtentry2.o(.ARM.Collect$$rtentry$$0000000C)
    __rt_exit                                0x0000039b   Thumb Code     0  rtexit.o(.ARM.Collect$$rtexit$$00000000)
    __rt_exit_ls                             0x0000039d   Thumb Code     0  rtexit2.o(.ARM.Collect$$rtexit$$00000003)
    __rt_exit_prels_1                        0x0000039d   Thumb Code     0  rtexit2.o(.ARM.Collect$$rtexit$$00000002)
    __rt_exit_exit                           0x000003a1   Thumb Code     0  rtexit2.o(.ARM.Collect$$rtexit$$00000004)
    DisableInterrupts                        0x000003a9   Thumb Code     0  startup.o(.text)
    EnableInterrupts                         0x000003ad   Thumb Code     0  startup.o(.text)
    StartCritical                            0x000003b1   Thumb Code     0  startup.o(.text)
    EndCritical                              0x000003b9   Thumb Code     0  startup.o(.text)
    WaitForInterrupt                         0x000003bf   Thumb Code     0  startup.o(.text)
    __user_initial_stackheap                 0x000003c3   Thumb Code     0  startup.o(.text)
    PLL_Init                                 0x000003d9   Thumb Code     0  utils.o(.text)
    SysTick_Init                             0x00000501   Thumb Code     0  utils.o(.text)
    SysTick_Wait1ms                          0x0000053b   Thumb Code     0  utils.o(.text)
    SysTick_Wait1us                          0x0000054d   Thumb Code     0  utils.o(.text)
    snprintf                                 0x000005bd   Thumb Code    58  snprintf.o(.text)
    __use_two_region_memory                  0x000005fd   Thumb Code     2  heapauxi.o(.text)
    __rt_heap_escrow$2region                 0x000005ff   Thumb Code     2  heapauxi.o(.text)
    __rt_heap_expand$2region                 0x00000601   Thumb Code     2  heapauxi.o(.text)
    _printf_pre_padding                      0x00000603   Thumb Code    44  _printf_pad.o(.text)
    _printf_post_padding                     0x0000062f   Thumb Code    34  _printf_pad.o(.text)
    _printf_truncate_signed                  0x00000651   Thumb Code    18  _printf_truncate.o(.text)
    _printf_truncate_unsigned                0x00000663   Thumb Code    18  _printf_truncate.o(.text)
    _printf_str                              0x00000675   Thumb Code    82  _printf_str.o(.text)
    _printf_int_dec                          0x000006c9   Thumb Code   104  _printf_dec.o(.text)
    _printf_charcount                        0x00000741   Thumb Code    40  _printf_charcount.o(.text)
    _printf_char_common                      0x00000773   Thumb Code    32  _printf_char_common.o(.text)
    _snputc                                  0x00000799   Thumb Code    16  _snputc.o(.text)
    _printf_wctomb                           0x000007a9   Thumb Code   182  _printf_wctomb.o(.text)
    _printf_longlong_dec                     0x00000865   Thumb Code   108  _printf_longlong_dec.o(.text)
    _printf_longlong_oct                     0x000008e1   Thumb Code    68  _printf_oct_int_ll.o(.text)
    _printf_int_oct                          0x00000925   Thumb Code    24  _printf_oct_int_ll.o(.text)
    _printf_ll_oct                           0x0000093d   Thumb Code    12  _printf_oct_int_ll.o(.text)
    _printf_longlong_hex                     0x00000951   Thumb Code    86  _printf_hex_int_ll_ptr.o(.text)
    _printf_int_hex                          0x000009a7   Thumb Code    28  _printf_hex_int_ll_ptr.o(.text)
    _printf_ll_hex                           0x000009c3   Thumb Code    12  _printf_hex_int_ll_ptr.o(.text)
    _printf_hex_ptr                          0x000009cf   Thumb Code    18  _printf_hex_int_ll_ptr.o(.text)
    __printf                                 0x000009e5   Thumb Code   388  __printf_flags_ss_wp.o(.text)
    _ll_udiv10                               0x00000b6d   Thumb Code   138  lludiv10.o(.text)
    _printf_int_common                       0x00000bf7   Thumb Code   178  _printf_intcommon.o(.text)
    _printf_fp_dec_real                      0x00000e59   Thumb Code   620  _printf_fp_dec.o(.text)
    _printf_fp_hex_real                      0x000010c5   Thumb Code   756  _printf_fp_hex.o(.text)
    _printf_cs_common                        0x000013c1   Thumb Code    20  _printf_char.o(.text)
    _printf_char                             0x000013d5   Thumb Code    16  _printf_char.o(.text)
    _printf_string                           0x000013e5   Thumb Code     8  _printf_char.o(.text)
    _printf_lcs_common                       0x000013ed   Thumb Code    20  _printf_wchar.o(.text)
    _printf_wchar                            0x00001401   Thumb Code    16  _printf_wchar.o(.text)
    _printf_wstring                          0x00001411   Thumb Code     8  _printf_wchar.o(.text)
    _c16rtomb                                0x00001419   Thumb Code    72  _c16rtomb.o(.text)
    _wcrtomb                                 0x00001419   Thumb Code     0  _c16rtomb.o(.text)
    __user_setup_stackheap                   0x00001461   Thumb Code    74  sys_stackheap_outer.o(.text)
    __rt_ctype_table                         0x000014ad   Thumb Code    16  rt_ctype_table.o(.text)
    __rt_locale                              0x000014bd   Thumb Code     8  rt_locale_intlibspace.o(.text)
    _printf_fp_infnan                        0x000014c5   Thumb Code   112  _printf_fp_infnan.o(.text)
    _btod_etento                             0x00001545   Thumb Code   224  bigflt0.o(.text)
    exit                                     0x00001629   Thumb Code    18  exit.o(.text)
    __user_libspace                          0x0000163d   Thumb Code     8  libspace.o(.text)
    __user_perproc_libspace                  0x0000163d   Thumb Code     0  libspace.o(.text)
    __user_perthread_libspace                0x0000163d   Thumb Code     0  libspace.o(.text)
    strcmp                                   0x00001649   Thumb Code   124  strcmpv7em.o(.text)
    _sys_exit                                0x000016c5   Thumb Code     8  sys_exit.o(.text)
    __I$use$semihosting                      0x000016d1   Thumb Code     0  use_no_semi.o(.text)
    __use_no_semihosting_swi                 0x000016d1   Thumb Code     2  use_no_semi.o(.text)
    __semihosting_library_function           0x000016d3   Thumb Code     0  indicate_semi.o(.text)
    GPIOPortJ_Handler                        0x000016d5   Thumb Code   128  interrupt.o(.text.GPIOPortJ_Handler)
    Timer2A_Handler                          0x00001755   Thumb Code  1154  timer.o(.text.Timer2A_Handler)
    adc_setup                                0x00001bd9   Thumb Code   106  adc.o(.text.adc_setup)
    break_line                               0x00001c45   Thumb Code    96  lcd.o(.text.break_line)
    gpio_setup                               0x00001ca5   Thumb Code   364  gpio.o(.text.gpio_setup)
    interrupt_setup                          0x00001e11   Thumb Code    82  interrupt.o(.text.interrupt_setup)
    lcd_print_partial_string                 0x00001e65   Thumb Code    76  lcd.o(.text.lcd_print_partial_string)
    lcd_print_string                         0x00001eb1   Thumb Code   130  lcd.o(.text.lcd_print_string)
    lcd_setup                                0x00001f35   Thumb Code   166  lcd.o(.text.lcd_setup)
    main                                     0x00001fdd   Thumb Code   292  main.o(.text.main)
    potenciometer_analog_read                0x00002101   Thumb Code    66  adc.o(.text.potenciometer_analog_read)
    print_motor_info_keyboard                0x00002145   Thumb Code    94  lcd.o(.text.print_motor_info_keyboard)
    print_motor_info_potentiometer           0x000021a5   Thumb Code   104  lcd.o(.text.print_motor_info_potentiometer)
    read_keyboard                            0x0000220d   Thumb Code   660  keyboard.o(.text.read_keyboard)
    state_0                                  0x000024a1   Thumb Code    54  state_0.o(.text.state_0)
    state_1                                  0x000024d9   Thumb Code    66  state_1.o(.text.state_1)
    state_2a                                 0x0000251d   Thumb Code    76  state_2a.o(.text.state_2a)
    state_2b                                 0x00002569   Thumb Code   202  state_2b.o(.text.state_2b)
    state_3b                                 0x00002635   Thumb Code   134  state_3b.o(.text.state_3b)
    timer_setup                              0x000026bd   Thumb Code   136  timer.o(.text.timer_setup)
    _btod_d2e                                0x00002745   Thumb Code    62  btod.o(CL$$btod_d2e)
    _d2e_denorm_low                          0x00002783   Thumb Code    70  btod.o(CL$$btod_d2e_denorm_low)
    _d2e_norm_op1                            0x000027c9   Thumb Code    96  btod.o(CL$$btod_d2e_norm_op1)
    __btod_div_common                        0x00002829   Thumb Code   696  btod.o(CL$$btod_div_common)
    _e2e                                     0x00002b61   Thumb Code   220  btod.o(CL$$btod_e2e)
    _btod_ediv                               0x00002c3d   Thumb Code    42  btod.o(CL$$btod_ediv)
    _btod_emul                               0x00002c67   Thumb Code    42  btod.o(CL$$btod_emul)
    __btod_mult_common                       0x00002c91   Thumb Code   580  btod.o(CL$$btod_mult_common)
    __ARM_fpclassify                         0x00002ed5   Thumb Code    48  fpclassify.o(i.__ARM_fpclassify)
    _is_digit                                0x00002f05   Thumb Code    14  __printf_wp.o(i._is_digit)
    _get_lc_numeric                          0x00002f15   Thumb Code    44  lc_numeric_c.o(locale$$code)
    _get_lc_ctype                            0x00002f41   Thumb Code    44  lc_ctype_c.o(locale$$code)
    _fp_init                                 0x00002f6d   Thumb Code    26  fpinit.o(x$fpl$fpinit)
    __fplib_config_fpu_vfp                   0x00002f85   Thumb Code     0  fpinit.o(x$fpl$fpinit)
    __fplib_config_pureend_doubles           0x00002f85   Thumb Code     0  fpinit.o(x$fpl$fpinit)
    _printf_fp_dec                           0x00002f87   Thumb Code     4  printf1.o(x$fpl$printf1)
    _printf_fp_hex                           0x00002f8b   Thumb Code     4  printf2.o(x$fpl$printf2)
    __I$use$fp                               0x00002f8e   Number         0  usenofp.o(x$fpl$usenofp)
    Region$$Table$$Base                      0x000030cc   Number         0  anon$$obj.o(Region$$Table)
    Region$$Table$$Limit                     0x000030ec   Number         0  anon$$obj.o(Region$$Table)
    __ctype                                  0x00003115   Data           0  lc_ctype_c.o(locale$$data)
    motor_direction                          0x20000000   Data           1  main.o(.data.motor_direction)
    __libspace_start                         0x20000008   Data          96  libspace.o(.bss)
    __temporary_stack_top$libspace           0x20000068   Data           0  libspace.o(.bss)
    changed_direction                        0x20000068   Data           1  main.o(.bss.changed_direction)
    duty_cycle_increment                     0x2000006a   Data           2  main.o(.bss.duty_cycle_increment)
    duty_cycle_step                          0x2000006c   Data           1  main.o(.bss.duty_cycle_step)
    motor_mode                               0x2000006d   Data           1  main.o(.bss.motor_mode)
    pwm_high                                 0x2000006e   Data           1  main.o(.bss.pwm_high)
    state_2b_timer_flag                      0x2000006f   Data           1  main.o(.bss.state_2b_timer_flag)
    states_machine                           0x20000070   Data           1  main.o(.bss.states_machine)
    timer_counter                            0x20000071   Data           1  main.o(.bss.timer_counter)
    usr_sw_1_pressed                         0x20000072   Data           1  main.o(.bss.usr_sw_1_pressed)
    usr_sw_2_pressed                         0x20000073   Data           1  main.o(.bss.usr_sw_2_pressed)



==============================================================================

Memory Map of the image

  Image Entry point : 0x00000209

  Load Region LR_1 (Base: 0x00000000, Size: 0x0000321c, Max: 0xffffffff, ABSOLUTE)

    Execution Region ER_RO (Exec base: 0x00000000, Load base: 0x00000000, Size: 0x00003218, Max: 0xffffffff, ABSOLUTE)

    Exec Addr    Load Addr    Size         Type   Attr      Idx    E Section Name        Object

    0x00000000   0x00000000   0x00000230   Code   RO            3  * RESET               startup.o
    0x00000230   0x00000230   0x00000008   Code   RO          158  * !!!main             c_w.l(__main.o)
    0x00000238   0x00000238   0x0000005c   Code   RO          495    !!!scatter          c_w.l(__scatter.o)
    0x00000294   0x00000294   0x0000001a   Code   RO          499    !!handler_copy      c_w.l(__scatter_copy.o)
    0x000002ae   0x000002ae   0x00000002   PAD
    0x000002b0   0x000002b0   0x00000002   Code   RO          496    !!handler_null      c_w.l(__scatter.o)
    0x000002b2   0x000002b2   0x00000002   PAD
    0x000002b4   0x000002b4   0x0000001c   Code   RO          501    !!handler_zi        c_w.l(__scatter_zi.o)
    0x000002d0   0x000002d0   0x00000000   Code   RO          242    .ARM.Collect$$_printf_percent$$00000000  c_w.l(_printf_percent.o)
    0x000002d0   0x000002d0   0x00000006   Code   RO          231    .ARM.Collect$$_printf_percent$$00000001  c_w.l(_printf_n.o)
    0x000002d6   0x000002d6   0x00000006   Code   RO          233    .ARM.Collect$$_printf_percent$$00000002  c_w.l(_printf_p.o)
    0x000002dc   0x000002dc   0x00000006   Code   RO          238    .ARM.Collect$$_printf_percent$$00000003  c_w.l(_printf_f.o)
    0x000002e2   0x000002e2   0x00000006   Code   RO          239    .ARM.Collect$$_printf_percent$$00000004  c_w.l(_printf_e.o)
    0x000002e8   0x000002e8   0x00000006   Code   RO          240    .ARM.Collect$$_printf_percent$$00000005  c_w.l(_printf_g.o)
    0x000002ee   0x000002ee   0x00000006   Code   RO          241    .ARM.Collect$$_printf_percent$$00000006  c_w.l(_printf_a.o)
    0x000002f4   0x000002f4   0x0000000a   Code   RO          246    .ARM.Collect$$_printf_percent$$00000007  c_w.l(_printf_ll.o)
    0x000002fe   0x000002fe   0x00000006   Code   RO          235    .ARM.Collect$$_printf_percent$$00000008  c_w.l(_printf_i.o)
    0x00000304   0x00000304   0x00000006   Code   RO          236    .ARM.Collect$$_printf_percent$$00000009  c_w.l(_printf_d.o)
    0x0000030a   0x0000030a   0x00000006   Code   RO          237    .ARM.Collect$$_printf_percent$$0000000A  c_w.l(_printf_u.o)
    0x00000310   0x00000310   0x00000006   Code   RO          234    .ARM.Collect$$_printf_percent$$0000000B  c_w.l(_printf_o.o)
    0x00000316   0x00000316   0x00000006   Code   RO          232    .ARM.Collect$$_printf_percent$$0000000C  c_w.l(_printf_x.o)
    0x0000031c   0x0000031c   0x00000006   Code   RO          243    .ARM.Collect$$_printf_percent$$0000000D  c_w.l(_printf_lli.o)
    0x00000322   0x00000322   0x00000006   Code   RO          244    .ARM.Collect$$_printf_percent$$0000000E  c_w.l(_printf_lld.o)
    0x00000328   0x00000328   0x00000006   Code   RO          245    .ARM.Collect$$_printf_percent$$0000000F  c_w.l(_printf_llu.o)
    0x0000032e   0x0000032e   0x00000006   Code   RO          250    .ARM.Collect$$_printf_percent$$00000010  c_w.l(_printf_llo.o)
    0x00000334   0x00000334   0x00000006   Code   RO          251    .ARM.Collect$$_printf_percent$$00000011  c_w.l(_printf_llx.o)
    0x0000033a   0x0000033a   0x0000000a   Code   RO          247    .ARM.Collect$$_printf_percent$$00000012  c_w.l(_printf_l.o)
    0x00000344   0x00000344   0x00000006   Code   RO          229    .ARM.Collect$$_printf_percent$$00000013  c_w.l(_printf_c.o)
    0x0000034a   0x0000034a   0x00000006   Code   RO          230    .ARM.Collect$$_printf_percent$$00000014  c_w.l(_printf_s.o)
    0x00000350   0x00000350   0x00000006   Code   RO          248    .ARM.Collect$$_printf_percent$$00000015  c_w.l(_printf_lc.o)
    0x00000356   0x00000356   0x00000006   Code   RO          249    .ARM.Collect$$_printf_percent$$00000016  c_w.l(_printf_ls.o)
    0x0000035c   0x0000035c   0x00000004   Code   RO          292    .ARM.Collect$$_printf_percent$$00000017  c_w.l(_printf_percent_end.o)
    0x00000360   0x00000360   0x00000002   Code   RO          343    .ARM.Collect$$libinit$$00000000  c_w.l(libinit.o)
    0x00000362   0x00000362   0x00000004   Code   RO          361    .ARM.Collect$$libinit$$00000001  c_w.l(libinit2.o)
    0x00000366   0x00000366   0x00000000   Code   RO          364    .ARM.Collect$$libinit$$00000004  c_w.l(libinit2.o)
    0x00000366   0x00000366   0x00000000   Code   RO          366    .ARM.Collect$$libinit$$00000006  c_w.l(libinit2.o)
    0x00000366   0x00000366   0x00000000   Code   RO          369    .ARM.Collect$$libinit$$0000000C  c_w.l(libinit2.o)
    0x00000366   0x00000366   0x00000000   Code   RO          371    .ARM.Collect$$libinit$$0000000E  c_w.l(libinit2.o)
    0x00000366   0x00000366   0x00000000   Code   RO          373    .ARM.Collect$$libinit$$00000010  c_w.l(libinit2.o)
    0x00000366   0x00000366   0x00000006   Code   RO          374    .ARM.Collect$$libinit$$00000011  c_w.l(libinit2.o)
    0x0000036c   0x0000036c   0x00000000   Code   RO          376    .ARM.Collect$$libinit$$00000013  c_w.l(libinit2.o)
    0x0000036c   0x0000036c   0x0000000c   Code   RO          377    .ARM.Collect$$libinit$$00000014  c_w.l(libinit2.o)
    0x00000378   0x00000378   0x00000000   Code   RO          378    .ARM.Collect$$libinit$$00000015  c_w.l(libinit2.o)
    0x00000378   0x00000378   0x00000000   Code   RO          380    .ARM.Collect$$libinit$$00000017  c_w.l(libinit2.o)
    0x00000378   0x00000378   0x0000000a   Code   RO          381    .ARM.Collect$$libinit$$00000018  c_w.l(libinit2.o)
    0x00000382   0x00000382   0x00000000   Code   RO          382    .ARM.Collect$$libinit$$00000019  c_w.l(libinit2.o)
    0x00000382   0x00000382   0x00000000   Code   RO          384    .ARM.Collect$$libinit$$0000001B  c_w.l(libinit2.o)
    0x00000382   0x00000382   0x00000000   Code   RO          386    .ARM.Collect$$libinit$$0000001D  c_w.l(libinit2.o)
    0x00000382   0x00000382   0x00000000   Code   RO          388    .ARM.Collect$$libinit$$0000001F  c_w.l(libinit2.o)
    0x00000382   0x00000382   0x00000000   Code   RO          390    .ARM.Collect$$libinit$$00000021  c_w.l(libinit2.o)
    0x00000382   0x00000382   0x00000000   Code   RO          392    .ARM.Collect$$libinit$$00000023  c_w.l(libinit2.o)
    0x00000382   0x00000382   0x00000000   Code   RO          394    .ARM.Collect$$libinit$$00000025  c_w.l(libinit2.o)
    0x00000382   0x00000382   0x00000000   Code   RO          396    .ARM.Collect$$libinit$$00000027  c_w.l(libinit2.o)
    0x00000382   0x00000382   0x00000000   Code   RO          400    .ARM.Collect$$libinit$$0000002E  c_w.l(libinit2.o)
    0x00000382   0x00000382   0x00000000   Code   RO          402    .ARM.Collect$$libinit$$00000030  c_w.l(libinit2.o)
    0x00000382   0x00000382   0x00000000   Code   RO          404    .ARM.Collect$$libinit$$00000032  c_w.l(libinit2.o)
    0x00000382   0x00000382   0x00000000   Code   RO          406    .ARM.Collect$$libinit$$00000034  c_w.l(libinit2.o)
    0x00000382   0x00000382   0x00000002   Code   RO          407    .ARM.Collect$$libinit$$00000035  c_w.l(libinit2.o)
    0x00000384   0x00000384   0x00000002   Code   RO          431    .ARM.Collect$$libshutdown$$00000000  c_w.l(libshutdown.o)
    0x00000386   0x00000386   0x00000000   Code   RO          446    .ARM.Collect$$libshutdown$$00000002  c_w.l(libshutdown2.o)
    0x00000386   0x00000386   0x00000000   Code   RO          448    .ARM.Collect$$libshutdown$$00000004  c_w.l(libshutdown2.o)
    0x00000386   0x00000386   0x00000000   Code   RO          451    .ARM.Collect$$libshutdown$$00000007  c_w.l(libshutdown2.o)
    0x00000386   0x00000386   0x00000000   Code   RO          454    .ARM.Collect$$libshutdown$$0000000A  c_w.l(libshutdown2.o)
    0x00000386   0x00000386   0x00000000   Code   RO          456    .ARM.Collect$$libshutdown$$0000000C  c_w.l(libshutdown2.o)
    0x00000386   0x00000386   0x00000000   Code   RO          459    .ARM.Collect$$libshutdown$$0000000F  c_w.l(libshutdown2.o)
    0x00000386   0x00000386   0x00000002   Code   RO          460    .ARM.Collect$$libshutdown$$00000010  c_w.l(libshutdown2.o)
    0x00000388   0x00000388   0x00000000   Code   RO          160    .ARM.Collect$$rtentry$$00000000  c_w.l(__rtentry.o)
    0x00000388   0x00000388   0x00000000   Code   RO          261    .ARM.Collect$$rtentry$$00000002  c_w.l(__rtentry2.o)
    0x00000388   0x00000388   0x00000006   Code   RO          273    .ARM.Collect$$rtentry$$00000004  c_w.l(__rtentry4.o)
    0x0000038e   0x0000038e   0x00000000   Code   RO          263    .ARM.Collect$$rtentry$$00000009  c_w.l(__rtentry2.o)
    0x0000038e   0x0000038e   0x00000004   Code   RO          264    .ARM.Collect$$rtentry$$0000000A  c_w.l(__rtentry2.o)
    0x00000392   0x00000392   0x00000000   Code   RO          266    .ARM.Collect$$rtentry$$0000000C  c_w.l(__rtentry2.o)
    0x00000392   0x00000392   0x00000008   Code   RO          267    .ARM.Collect$$rtentry$$0000000D  c_w.l(__rtentry2.o)
    0x0000039a   0x0000039a   0x00000002   Code   RO          352    .ARM.Collect$$rtexit$$00000000  c_w.l(rtexit.o)
    0x0000039c   0x0000039c   0x00000000   Code   RO          409    .ARM.Collect$$rtexit$$00000002  c_w.l(rtexit2.o)
    0x0000039c   0x0000039c   0x00000004   Code   RO          410    .ARM.Collect$$rtexit$$00000003  c_w.l(rtexit2.o)
    0x000003a0   0x000003a0   0x00000006   Code   RO          411    .ARM.Collect$$rtexit$$00000004  c_w.l(rtexit2.o)
    0x000003a6   0x000003a6   0x00000002   PAD
    0x000003a8   0x000003a8   0x00000030   Code   RO            4    .text               startup.o
    0x000003d8   0x000003d8   0x000001e4   Code   RO           12    .text               utils.o
    0x000005bc   0x000005bc   0x00000040   Code   RO          154    .text               c_w.l(snprintf.o)
    0x000005fc   0x000005fc   0x00000006   Code   RO          156    .text               c_w.l(heapauxi.o)
    0x00000602   0x00000602   0x0000004e   Code   RO          163    .text               c_w.l(_printf_pad.o)
    0x00000650   0x00000650   0x00000024   Code   RO          165    .text               c_w.l(_printf_truncate.o)
    0x00000674   0x00000674   0x00000052   Code   RO          167    .text               c_w.l(_printf_str.o)
    0x000006c6   0x000006c6   0x00000002   PAD
    0x000006c8   0x000006c8   0x00000078   Code   RO          169    .text               c_w.l(_printf_dec.o)
    0x00000740   0x00000740   0x00000028   Code   RO          171    .text               c_w.l(_printf_charcount.o)
    0x00000768   0x00000768   0x00000030   Code   RO          173    .text               c_w.l(_printf_char_common.o)
    0x00000798   0x00000798   0x00000010   Code   RO          175    .text               c_w.l(_snputc.o)
    0x000007a8   0x000007a8   0x000000bc   Code   RO          177    .text               c_w.l(_printf_wctomb.o)
    0x00000864   0x00000864   0x0000007c   Code   RO          180    .text               c_w.l(_printf_longlong_dec.o)
    0x000008e0   0x000008e0   0x00000070   Code   RO          186    .text               c_w.l(_printf_oct_int_ll.o)
    0x00000950   0x00000950   0x00000094   Code   RO          206    .text               c_w.l(_printf_hex_int_ll_ptr.o)
    0x000009e4   0x000009e4   0x00000188   Code   RO          226    .text               c_w.l(__printf_flags_ss_wp.o)
    0x00000b6c   0x00000b6c   0x0000008a   Code   RO          275    .text               c_w.l(lludiv10.o)
    0x00000bf6   0x00000bf6   0x000000b2   Code   RO          277    .text               c_w.l(_printf_intcommon.o)
    0x00000ca8   0x00000ca8   0x0000041c   Code   RO          279    .text               c_w.l(_printf_fp_dec.o)
    0x000010c4   0x000010c4   0x000002fc   Code   RO          283    .text               c_w.l(_printf_fp_hex.o)
    0x000013c0   0x000013c0   0x0000002c   Code   RO          288    .text               c_w.l(_printf_char.o)
    0x000013ec   0x000013ec   0x0000002c   Code   RO          290    .text               c_w.l(_printf_wchar.o)
    0x00001418   0x00001418   0x00000048   Code   RO          293    .text               c_w.l(_c16rtomb.o)
    0x00001460   0x00001460   0x0000004a   Code   RO          295    .text               c_w.l(sys_stackheap_outer.o)
    0x000014aa   0x000014aa   0x00000002   PAD
    0x000014ac   0x000014ac   0x00000010   Code   RO          297    .text               c_w.l(rt_ctype_table.o)
    0x000014bc   0x000014bc   0x00000008   Code   RO          302    .text               c_w.l(rt_locale_intlibspace.o)
    0x000014c4   0x000014c4   0x00000080   Code   RO          304    .text               c_w.l(_printf_fp_infnan.o)
    0x00001544   0x00001544   0x000000e4   Code   RO          306    .text               c_w.l(bigflt0.o)
    0x00001628   0x00001628   0x00000012   Code   RO          336    .text               c_w.l(exit.o)
    0x0000163a   0x0000163a   0x00000002   PAD
    0x0000163c   0x0000163c   0x00000008   Code   RO          349    .text               c_w.l(libspace.o)
    0x00001644   0x00001644   0x00000004   PAD
    0x00001648   0x00001648   0x0000007c   Code   RO          359    .text               c_w.l(strcmpv7em.o)
    0x000016c4   0x000016c4   0x0000000c   Code   RO          421    .text               c_w.l(sys_exit.o)
    0x000016d0   0x000016d0   0x00000002   Code   RO          436    .text               c_w.l(use_no_semi.o)
    0x000016d2   0x000016d2   0x00000000   Code   RO          438    .text               c_w.l(indicate_semi.o)
    0x000016d2   0x000016d2   0x00000002   PAD
    0x000016d4   0x000016d4   0x00000080   Code   RO           46    .text.GPIOPortJ_Handler  interrupt.o
    0x00001754   0x00001754   0x00000482   Code   RO           57    .text.Timer2A_Handler  timer.o
    0x00001bd6   0x00001bd6   0x00000002   PAD
    0x00001bd8   0x00001bd8   0x0000006a   Code   RO          134    .text.adc_setup     adc.o
    0x00001c42   0x00001c42   0x00000002   PAD
    0x00001c44   0x00001c44   0x00000060   Code   RO           84    .text.break_line    lcd.o
    0x00001ca4   0x00001ca4   0x0000016c   Code   RO           36    .text.gpio_setup    gpio.o
    0x00001e10   0x00001e10   0x00000052   Code   RO           44    .text.interrupt_setup  interrupt.o
    0x00001e62   0x00001e62   0x00000002   PAD
    0x00001e64   0x00001e64   0x0000004c   Code   RO           86    .text.lcd_print_partial_string  lcd.o
    0x00001eb0   0x00001eb0   0x00000082   Code   RO           82    .text.lcd_print_string  lcd.o
    0x00001f32   0x00001f32   0x00000002   PAD
    0x00001f34   0x00001f34   0x000000a6   Code   RO           80    .text.lcd_setup     lcd.o
    0x00001fda   0x00001fda   0x00000002   PAD
    0x00001fdc   0x00001fdc   0x00000124   Code   RO           16    .text.main          main.o
    0x00002100   0x00002100   0x00000042   Code   RO          136    .text.potenciometer_analog_read  adc.o
    0x00002142   0x00002142   0x00000002   PAD
    0x00002144   0x00002144   0x0000005e   Code   RO           88    .text.print_motor_info_keyboard  lcd.o
    0x000021a2   0x000021a2   0x00000002   PAD
    0x000021a4   0x000021a4   0x00000068   Code   RO           90    .text.print_motor_info_potentiometer  lcd.o
    0x0000220c   0x0000220c   0x00000294   Code   RO          100    .text.read_keyboard  keyboard.o
    0x000024a0   0x000024a0   0x00000036   Code   RO           71    .text.state_0       state_0.o
    0x000024d6   0x000024d6   0x00000002   PAD
    0x000024d8   0x000024d8   0x00000042   Code   RO          108    .text.state_1       state_1.o
    0x0000251a   0x0000251a   0x00000002   PAD
    0x0000251c   0x0000251c   0x0000004c   Code   RO          117    .text.state_2a      state_2a.o
    0x00002568   0x00002568   0x000000ca   Code   RO          125    .text.state_2b      state_2b.o
    0x00002632   0x00002632   0x00000002   PAD
    0x00002634   0x00002634   0x00000086   Code   RO          145    .text.state_3b      state_3b.o
    0x000026ba   0x000026ba   0x00000002   PAD
    0x000026bc   0x000026bc   0x00000088   Code   RO           55    .text.timer_setup   timer.o
    0x00002744   0x00002744   0x0000003e   Code   RO          309    CL$$btod_d2e        c_w.l(btod.o)
    0x00002782   0x00002782   0x00000046   Code   RO          311    CL$$btod_d2e_denorm_low  c_w.l(btod.o)
    0x000027c8   0x000027c8   0x00000060   Code   RO          310    CL$$btod_d2e_norm_op1  c_w.l(btod.o)
    0x00002828   0x00002828   0x00000338   Code   RO          319    CL$$btod_div_common  c_w.l(btod.o)
    0x00002b60   0x00002b60   0x000000dc   Code   RO          316    CL$$btod_e2e        c_w.l(btod.o)
    0x00002c3c   0x00002c3c   0x0000002a   Code   RO          313    CL$$btod_ediv       c_w.l(btod.o)
    0x00002c66   0x00002c66   0x0000002a   Code   RO          312    CL$$btod_emul       c_w.l(btod.o)
    0x00002c90   0x00002c90   0x00000244   Code   RO          318    CL$$btod_mult_common  c_w.l(btod.o)
    0x00002ed4   0x00002ed4   0x00000030   Code   RO          347    i.__ARM_fpclassify  m_wm.l(fpclassify.o)
    0x00002f04   0x00002f04   0x0000000e   Code   RO          219    i._is_digit         c_w.l(__printf_wp.o)
    0x00002f12   0x00002f12   0x00000002   PAD
    0x00002f14   0x00002f14   0x0000002c   Code   RO          334    locale$$code        c_w.l(lc_numeric_c.o)
    0x00002f40   0x00002f40   0x0000002c   Code   RO          357    locale$$code        c_w.l(lc_ctype_c.o)
    0x00002f6c   0x00002f6c   0x0000001a   Code   RO          419    x$fpl$fpinit        fz_wm.l(fpinit.o)
    0x00002f86   0x00002f86   0x00000004   Code   RO          252    x$fpl$printf1       fz_wm.l(printf1.o)
    0x00002f8a   0x00002f8a   0x00000004   Code   RO          254    x$fpl$printf2       fz_wm.l(printf2.o)
    0x00002f8e   0x00002f8e   0x00000000   Code   RO          346    x$fpl$usenofp       fz_wm.l(usenofp.o)
    0x00002f8e   0x00002f8e   0x00000002   PAD
    0x00002f90   0x00002f90   0x00000008   Data   RO          178    .constdata          c_w.l(_printf_wctomb.o)
    0x00002f98   0x00002f98   0x00000028   Data   RO          207    .constdata          c_w.l(_printf_hex_int_ll_ptr.o)
    0x00002fc0   0x00002fc0   0x00000011   Data   RO          227    .constdata          c_w.l(__printf_flags_ss_wp.o)
    0x00002fd1   0x00002fd1   0x00000026   Data   RO          284    .constdata          c_w.l(_printf_fp_hex.o)
    0x00002ff7   0x00002ff7   0x00000001   PAD
    0x00002ff8   0x00002ff8   0x00000094   Data   RO          307    .constdata          c_w.l(bigflt0.o)
    0x0000308c   0x0000308c   0x00000010   Data   RO           63    .rodata.str1.1      timer.o
    0x0000309c   0x0000309c   0x0000000d   Data   RO           73    .rodata.str1.1      state_0.o
    0x000030a9   0x000030a9   0x00000011   Data   RO           92    .rodata.str1.1      lcd.o
    0x000030ba   0x000030ba   0x00000011   Data   RO          110    .rodata.str1.1      state_1.o
    0x000030cb   0x000030cb   0x00000001   PAD
    0x000030cc   0x000030cc   0x00000020   Data   RO          494    Region$$Table       anon$$obj.o
    0x000030ec   0x000030ec   0x0000001c   Data   RO          333    locale$$data        c_w.l(lc_numeric_c.o)
    0x00003108   0x00003108   0x00000110   Data   RO          356    locale$$data        c_w.l(lc_ctype_c.o)


    Execution Region ER_RW (Exec base: 0x20000000, Load base: 0x00003218, Size: 0x00000004, Max: 0xffffffff, ABSOLUTE)

    Exec Addr    Load Addr    Size         Type   Attr      Idx    E Section Name        Object

    0x20000000   0x00003218   0x00000001   Data   RW           18    .data.motor_direction  main.o


    Execution Region ER_ZI (Exec base: 0x20000008, Load base: 0x0000321c, Size: 0x00000470, Max: 0xffffffff, ABSOLUTE)

    Exec Addr    Load Addr    Size         Type   Attr      Idx    E Section Name        Object

    0x20000008        -       0x00000060   Zero   RW          350    .bss                c_w.l(libspace.o)
    0x20000068        -       0x00000001   Zero   RW           20    .bss.changed_direction  main.o
    0x20000069   0x0000321c   0x00000001   PAD
    0x2000006a        -       0x00000002   Zero   RW           21    .bss.duty_cycle_increment  main.o
    0x2000006c        -       0x00000001   Zero   RW           22    .bss.duty_cycle_step  main.o
    0x2000006d        -       0x00000001   Zero   RW           25    .bss.motor_mode     main.o
    0x2000006e        -       0x00000001   Zero   RW           28    .bss.pwm_high       main.o
    0x2000006f        -       0x00000001   Zero   RW           23    .bss.state_2b_timer_flag  main.o
    0x20000070        -       0x00000001   Zero   RW           24    .bss.states_machine  main.o
    0x20000071        -       0x00000001   Zero   RW           19    .bss.timer_counter  main.o
    0x20000072        -       0x00000001   Zero   RW           27    .bss.usr_sw_1_pressed  main.o
    0x20000073        -       0x00000001   Zero   RW           26    .bss.usr_sw_2_pressed  main.o
    0x20000074   0x0000321c   0x00000004   PAD
    0x20000078        -       0x00000000   Zero   RW            2    HEAP                startup.o
    0x20000078        -       0x00000400   Zero   RW            1    STACK               startup.o


==============================================================================

Image component sizes


      Code (inc. data)   RO Data    RW Data    ZI Data      Debug   Object Name

       172          0          0          0          0        794   adc.o
       364          0          0          0          0        577   gpio.o
       210          0          0          0          0        822   interrupt.o
       660          0          0          0          0       1113   keyboard.o
       666          0         17          0          0       1786   lcd.o
       292          6          0          1         11       1202   main.o
       608        532          0          0       1024       1072   startup.o
        54          0         13          0          0        683   state_0.o
        66          0         17          0          0        619   state_1.o
        76          0          0          0          0        528   state_2a.o
       202          0          0          0          0        826   state_2b.o
       134          0          0          0          0        565   state_3b.o
      1290          0         16          0          0       2336   timer.o
       484         92          0          0          0        400   utils.o

    ----------------------------------------------------------------------
      5300        630         96          4       1040      13323   Object Totals
         0          0         32          0          0          0   (incl. Generated)
        22          0          1          3          5          0   (incl. Padding)

    ----------------------------------------------------------------------

      Code (inc. data)   RO Data    RW Data    ZI Data      Debug   Library Member Name

         8          0          0          0          0         68   __main.o
       392          4         17          0          0         92   __printf_flags_ss_wp.o
        14          0          0          0          0         68   __printf_wp.o
         0          0          0          0          0          0   __rtentry.o
        12          0          0          0          0          0   __rtentry2.o
         6          0          0          0          0          0   __rtentry4.o
        94          8          0          0          0          0   __scatter.o
        26          0          0          0          0          0   __scatter_copy.o
        28          0          0          0          0          0   __scatter_zi.o
        72          0          0          0          0         96   _c16rtomb.o
         6          0          0          0          0          0   _printf_a.o
         6          0          0          0          0          0   _printf_c.o
        44          0          0          0          0        108   _printf_char.o
        48          6          0          0          0         96   _printf_char_common.o
        40          0          0          0          0         68   _printf_charcount.o
         6          0          0          0          0          0   _printf_d.o
       120         16          0          0          0         92   _printf_dec.o
         6          0          0          0          0          0   _printf_e.o
         6          0          0          0          0          0   _printf_f.o
      1052          0          0          0          0        148   _printf_fp_dec.o
       764          8         38          0          0        100   _printf_fp_hex.o
       128         16          0          0          0         84   _printf_fp_infnan.o
         6          0          0          0          0          0   _printf_g.o
       148          4         40          0          0        160   _printf_hex_int_ll_ptr.o
         6          0          0          0          0          0   _printf_i.o
       178          0          0          0          0         88   _printf_intcommon.o
        10          0          0          0          0          0   _printf_l.o
         6          0          0          0          0          0   _printf_lc.o
        10          0          0          0          0          0   _printf_ll.o
         6          0          0          0          0          0   _printf_lld.o
         6          0          0          0          0          0   _printf_lli.o
         6          0          0          0          0          0   _printf_llo.o
         6          0          0          0          0          0   _printf_llu.o
         6          0          0          0          0          0   _printf_llx.o
       124         16          0          0          0         92   _printf_longlong_dec.o
         6          0          0          0          0          0   _printf_ls.o
         6          0          0          0          0          0   _printf_n.o
         6          0          0          0          0          0   _printf_o.o
       112          8          0          0          0        124   _printf_oct_int_ll.o
         6          0          0          0          0          0   _printf_p.o
        78          0          0          0          0        108   _printf_pad.o
         0          0          0          0          0          0   _printf_percent.o
         4          0          0          0          0          0   _printf_percent_end.o
         6          0          0          0          0          0   _printf_s.o
        82          0          0          0          0         80   _printf_str.o
        36          0          0          0          0         84   _printf_truncate.o
         6          0          0          0          0          0   _printf_u.o
        44          0          0          0          0        108   _printf_wchar.o
       188          6          8          0          0         92   _printf_wctomb.o
         6          0          0          0          0          0   _printf_x.o
        16          0          0          0          0         68   _snputc.o
       228          4        148          0          0         96   bigflt0.o
      1936        128          0          0          0        668   btod.o
        18          0          0          0          0         80   exit.o
         6          0          0          0          0        152   heapauxi.o
         0          0          0          0          0          0   indicate_semi.o
        44         10        272          0          0         76   lc_ctype_c.o
        44         10         28          0          0         76   lc_numeric_c.o
         2          0          0          0          0          0   libinit.o
        34          0          0          0          0          0   libinit2.o
         2          0          0          0          0          0   libshutdown.o
         2          0          0          0          0          0   libshutdown2.o
         8          4          0          0         96         68   libspace.o
       138          0          0          0          0         80   lludiv10.o
        16          4          0          0          0         76   rt_ctype_table.o
         8          4          0          0          0         68   rt_locale_intlibspace.o
         2          0          0          0          0          0   rtexit.o
        10          0          0          0          0          0   rtexit2.o
        64          6          0          0          0         84   snprintf.o
       124          0          0          0          0         88   strcmpv7em.o
        12          4          0          0          0         68   sys_exit.o
        74          0          0          0          0         80   sys_stackheap_outer.o
         2          0          0          0          0         68   use_no_semi.o
        26          0          0          0          0        116   fpinit.o
         4          0          0          0          0        116   printf1.o
         4          0          0          0          0        116   printf2.o
         0          0          0          0          0          0   usenofp.o
        48          0          0          0          0        124   fpclassify.o

    ----------------------------------------------------------------------
      6876        270        552          0         96       4324   Library Totals
        22          4          1          0          0          0   (incl. Padding)

    ----------------------------------------------------------------------

      Code (inc. data)   RO Data    RW Data    ZI Data      Debug   Library Name

      6772        266        551          0         96       3852   c_w.l
        34          0          0          0          0        348   fz_wm.l
        48          0          0          0          0        124   m_wm.l

    ----------------------------------------------------------------------
      6876        270        552          0         96       4324   Library Totals

    ----------------------------------------------------------------------

==============================================================================


      Code (inc. data)   RO Data    RW Data    ZI Data      Debug   

     12176        900        648          4       1136      15267   Grand Totals
     12176        900        648          4       1136      15267   ELF Image Totals
     12176        900        648          4          0          0   ROM Totals

==============================================================================

    Total RO  Size (Code + RO Data)                12824 (  12.52kB)
    Total RW  Size (RW Data + ZI Data)              1140 (   1.11kB)
    Total ROM Size (Code + RO Data + RW Data)      12828 (  12.53kB)

==============================================================================

